19:15:08 **** Build of configuration Debug for project Project ****
make -j88 all 
arm-none-eabi-gcc "../Drivers/STM32F4xx_HAL_Driver/Src/stm32f4xx_hal.c" -mcpu=cortex-m4 -std=gnu11 -g3 -DDEBUG -DUSE_HAL_DRIVER -DSTM32F446xx -c -I../Core/Inc -I../Drivers/STM32F4xx_HAL_Driver/Inc -I../Drivers/STM32F4xx_HAL_Driver/Inc/Legacy -I../Drivers/CMSIS/Device/ST/STM32F4xx/Include -I../Drivers/CMSIS/Include -O0 -ffunction-sections -fdata-sections -Wall -fstack-usage -MMD -MP -MF"Drivers/STM32F4xx_HAL_Driver/Src/stm32f4xx_hal.d" -MT"Drivers/STM32F4xx_HAL_Driver/Src/stm32f4xx_hal.o" --specs=nano.specs -mfpu=fpv4-sp-d16 -mfloat-abi=hard -mthumb -o "Drivers/STM32F4xx_HAL_Driver/Src/stm32f4xx_hal.o"
arm-none-eabi-gcc "../Drivers/STM32F4xx_HAL_Driver/Src/stm32f4xx_hal_cortex.c" -mcpu=cortex-m4 -std=gnu11 -g3 -DDEBUG -DUSE_HAL_DRIVER -DSTM32F446xx -c -I../Core/Inc -I../Drivers/STM32F4xx_HAL_Driver/Inc -I../Drivers/STM32F4xx_HAL_Driver/Inc/Legacy -I../Drivers/CMSIS/Device/ST/STM32F4xx/Include -I../Drivers/CMSIS/Include -O0 -ffunction-sections -fdata-sections -Wall -fstack-usage -MMD -MP -MF"Drivers/STM32F4xx_HAL_Driver/Src/stm32f4xx_hal_cortex.d" -MT"Drivers/STM32F4xx_HAL_Driver/Src/stm32f4xx_hal_cortex.o" --specs=nano.specs -mfpu=fpv4-sp-d16 -mfloat-abi=hard -mthumb -o "Drivers/STM32F4xx_HAL_Driver/Src/stm32f4xx_hal_cortex.o"
arm-none-eabi-gcc "../Drivers/STM32F4xx_HAL_Driver/Src/stm32f4xx_hal_dma.c" -mcpu=cortex-m4 -std=gnu11 -g3 -DDEBUG -DUSE_HAL_DRIVER -DSTM32F446xx -c -I../Core/Inc -I../Drivers/STM32F4xx_HAL_Driver/Inc -I../Drivers/STM32F4xx_HAL_Driver/Inc/Legacy -I../Drivers/CMSIS/Device/ST/STM32F4xx/Include -I../Drivers/CMSIS/Include -O0 -ffunction-sections -fdata-sections -Wall -fstack-usage -MMD -MP -MF"Drivers/STM32F4xx_HAL_Driver/Src/stm32f4xx_hal_dma.d" -MT"Drivers/STM32F4xx_HAL_Driver/Src/stm32f4xx_hal_dma.o" --specs=nano.specs -mfpu=fpv4-sp-d16 -mfloat-abi=hard -mthumb -o "Drivers/STM32F4xx_HAL_Driver/Src/stm32f4xx_hal_dma.o"
arm-none-eabi-gcc "../Drivers/STM32F4xx_HAL_Driver/Src/stm32f4xx_hal_dma_ex.c" -mcpu=cortex-m4 -std=gnu11 -g3 -DDEBUG -DUSE_HAL_DRIVER -DSTM32F446xx -c -I../Core/Inc -I../Drivers/STM32F4xx_HAL_Driver/Inc -I../Drivers/STM32F4xx_HAL_Driver/Inc/Legacy -I../Drivers/CMSIS/Device/ST/STM32F4xx/Include -I../Drivers/CMSIS/Include -O0 -ffunction-sections -fdata-sections -Wall -fstack-usage -MMD -MP -MF"Drivers/STM32F4xx_HAL_Driver/Src/stm32f4xx_hal_dma_ex.d" -MT"Drivers/STM32F4xx_HAL_Driver/Src/stm32f4xx_hal_dma_ex.o" --specs=nano.specs -mfpu=fpv4-sp-d16 -mfloat-abi=hard -mthumb -o "Drivers/STM32F4xx_HAL_Driver/Src/stm32f4xx_hal_dma_ex.o"
arm-none-eabi-gcc "../Drivers/STM32F4xx_HAL_Driver/Src/stm32f4xx_hal_exti.c" -mcpu=cortex-m4 -std=gnu11 -g3 -DDEBUG -DUSE_HAL_DRIVER -DSTM32F446xx -c -I../Core/Inc -I../Drivers/STM32F4xx_HAL_Driver/Inc -I../Drivers/STM32F4xx_HAL_Driver/Inc/Legacy -I../Drivers/CMSIS/Device/ST/STM32F4xx/Include -I../Drivers/CMSIS/Include -O0 -ffunction-sections -fdata-sections -Wall -fstack-usage -MMD -MP -MF"Drivers/STM32F4xx_HAL_Driver/Src/stm32f4xx_hal_exti.d" -MT"Drivers/STM32F4xx_HAL_Driver/Src/stm32f4xx_hal_exti.o" --specs=nano.specs -mfpu=fpv4-sp-d16 -mfloat-abi=hard -mthumb -o "Drivers/STM32F4xx_HAL_Driver/Src/stm32f4xx_hal_exti.o"
arm-none-eabi-gcc "../Drivers/STM32F4xx_HAL_Driver/Src/stm32f4xx_hal_flash.c" -mcpu=cortex-m4 -std=gnu11 -g3 -DDEBUG -DUSE_HAL_DRIVER -DSTM32F446xx -c -I../Core/Inc -I../Drivers/STM32F4xx_HAL_Driver/Inc -I../Drivers/STM32F4xx_HAL_Driver/Inc/Legacy -I../Drivers/CMSIS/Device/ST/STM32F4xx/Include -I../Drivers/CMSIS/Include -O0 -ffunction-sections -fdata-sections -Wall -fstack-usage -MMD -MP -MF"Drivers/STM32F4xx_HAL_Driver/Src/stm32f4xx_hal_flash.d" -MT"Drivers/STM32F4xx_HAL_Driver/Src/stm32f4xx_hal_flash.o" --specs=nano.specs -mfpu=fpv4-sp-d16 -mfloat-abi=hard -mthumb -o "Drivers/STM32F4xx_HAL_Driver/Src/stm32f4xx_hal_flash.o"
arm-none-eabi-gcc "../Drivers/STM32F4xx_HAL_Driver/Src/stm32f4xx_hal_flash_ex.c" -mcpu=cortex-m4 -std=gnu11 -g3 -DDEBUG -DUSE_HAL_DRIVER -DSTM32F446xx -c -I../Core/Inc -I../Drivers/STM32F4xx_HAL_Driver/Inc -I../Drivers/STM32F4xx_HAL_Driver/Inc/Legacy -I../Drivers/CMSIS/Device/ST/STM32F4xx/Include -I../Drivers/CMSIS/Include -O0 -ffunction-sections -fdata-sections -Wall -fstack-usage -MMD -MP -MF"Drivers/STM32F4xx_HAL_Driver/Src/stm32f4xx_hal_flash_ex.d" -MT"Drivers/STM32F4xx_HAL_Driver/Src/stm32f4xx_hal_flash_ex.o" --specs=nano.specs -mfpu=fpv4-sp-d16 -mfloat-abi=hard -mthumb -o "Drivers/STM32F4xx_HAL_Driver/Src/stm32f4xx_hal_flash_ex.o"
arm-none-eabi-gcc "../Drivers/STM32F4xx_HAL_Driver/Src/stm32f4xx_hal_flash_ramfunc.c" -mcpu=cortex-m4 -std=gnu11 -g3 -DDEBUG -DUSE_HAL_DRIVER -DSTM32F446xx -c -I../Core/Inc -I../Drivers/STM32F4xx_HAL_Driver/Inc -I../Drivers/STM32F4xx_HAL_Driver/Inc/Legacy -I../Drivers/CMSIS/Device/ST/STM32F4xx/Include -I../Drivers/CMSIS/Include -O0 -ffunction-sections -fdata-sections -Wall -fstack-usage -MMD -MP -MF"Drivers/STM32F4xx_HAL_Driver/Src/stm32f4xx_hal_flash_ramfunc.d" -MT"Drivers/STM32F4xx_HAL_Driver/Src/stm32f4xx_hal_flash_ramfunc.o" --specs=nano.specs -mfpu=fpv4-sp-d16 -mfloat-abi=hard -mthumb -o "Drivers/STM32F4xx_HAL_Driver/Src/stm32f4xx_hal_flash_ramfunc.o"
arm-none-eabi-gcc "../Drivers/STM32F4xx_HAL_Driver/Src/stm32f4xx_hal_gpio.c" -mcpu=cortex-m4 -std=gnu11 -g3 -DDEBUG -DUSE_HAL_DRIVER -DSTM32F446xx -c -I../Core/Inc -I../Drivers/STM32F4xx_HAL_Driver/Inc -I../Drivers/STM32F4xx_HAL_Driver/Inc/Legacy -I../Drivers/CMSIS/Device/ST/STM32F4xx/Include -I../Drivers/CMSIS/Include -O0 -ffunction-sections -fdata-sections -Wall -fstack-usage -MMD -MP -MF"Drivers/STM32F4xx_HAL_Driver/Src/stm32f4xx_hal_gpio.d" -MT"Drivers/STM32F4xx_HAL_Driver/Src/stm32f4xx_hal_gpio.o" --specs=nano.specs -mfpu=fpv4-sp-d16 -mfloat-abi=hard -mthumb -o "Drivers/STM32F4xx_HAL_Driver/Src/stm32f4xx_hal_gpio.o"
arm-none-eabi-gcc "../Drivers/STM32F4xx_HAL_Driver/Src/stm32f4xx_hal_pwr.c" -mcpu=cortex-m4 -std=gnu11 -g3 -DDEBUG -DUSE_HAL_DRIVER -DSTM32F446xx -c -I../Core/Inc -I../Drivers/STM32F4xx_HAL_Driver/Inc -I../Drivers/STM32F4xx_HAL_Driver/Inc/Legacy -I../Drivers/CMSIS/Device/ST/STM32F4xx/Include -I../Drivers/CMSIS/Include -O0 -ffunction-sections -fdata-sections -Wall -fstack-usage -MMD -MP -MF"Drivers/STM32F4xx_HAL_Driver/Src/stm32f4xx_hal_pwr.d" -MT"Drivers/STM32F4xx_HAL_Driver/Src/stm32f4xx_hal_pwr.o" --specs=nano.specs -mfpu=fpv4-sp-d16 -mfloat-abi=hard -mthumb -o "Drivers/STM32F4xx_HAL_Driver/Src/stm32f4xx_hal_pwr.o"
arm-none-eabi-gcc "../Drivers/STM32F4xx_HAL_Driver/Src/stm32f4xx_hal_pwr_ex.c" -mcpu=cortex-m4 -std=gnu11 -g3 -DDEBUG -DUSE_HAL_DRIVER -DSTM32F446xx -c -I../Core/Inc -I../Drivers/STM32F4xx_HAL_Driver/Inc -I../Drivers/STM32F4xx_HAL_Driver/Inc/Legacy -I../Drivers/CMSIS/Device/ST/STM32F4xx/Include -I../Drivers/CMSIS/Include -O0 -ffunction-sections -fdata-sections -Wall -fstack-usage -MMD -MP -MF"Drivers/STM32F4xx_HAL_Driver/Src/stm32f4xx_hal_pwr_ex.d" -MT"Drivers/STM32F4xx_HAL_Driver/Src/stm32f4xx_hal_pwr_ex.o" --specs=nano.specs -mfpu=fpv4-sp-d16 -mfloat-abi=hard -mthumb -o "Drivers/STM32F4xx_HAL_Driver/Src/stm32f4xx_hal_pwr_ex.o"
arm-none-eabi-gcc "../Drivers/STM32F4xx_HAL_Driver/Src/stm32f4xx_hal_rcc.c" -mcpu=cortex-m4 -std=gnu11 -g3 -DDEBUG -DUSE_HAL_DRIVER -DSTM32F446xx -c -I../Core/Inc -I../Drivers/STM32F4xx_HAL_Driver/Inc -I../Drivers/STM32F4xx_HAL_Driver/Inc/Legacy -I../Drivers/CMSIS/Device/ST/STM32F4xx/Include -I../Drivers/CMSIS/Include -O0 -ffunction-sections -fdata-sections -Wall -fstack-usage -MMD -MP -MF"Drivers/STM32F4xx_HAL_Driver/Src/stm32f4xx_hal_rcc.d" -MT"Drivers/STM32F4xx_HAL_Driver/Src/stm32f4xx_hal_rcc.o" --specs=nano.specs -mfpu=fpv4-sp-d16 -mfloat-abi=hard -mthumb -o "Drivers/STM32F4xx_HAL_Driver/Src/stm32f4xx_hal_rcc.o"
arm-none-eabi-gcc "../Drivers/STM32F4xx_HAL_Driver/Src/stm32f4xx_hal_rcc_ex.c" -mcpu=cortex-m4 -std=gnu11 -g3 -DDEBUG -DUSE_HAL_DRIVER -DSTM32F446xx -c -I../Core/Inc -I../Drivers/STM32F4xx_HAL_Driver/Inc -I../Drivers/STM32F4xx_HAL_Driver/Inc/Legacy -I../Drivers/CMSIS/Device/ST/STM32F4xx/Include -I../Drivers/CMSIS/Include -O0 -ffunction-sections -fdata-sections -Wall -fstack-usage -MMD -MP -MF"Drivers/STM32F4xx_HAL_Driver/Src/stm32f4xx_hal_rcc_ex.d" -MT"Drivers/STM32F4xx_HAL_Driver/Src/stm32f4xx_hal_rcc_ex.o" --specs=nano.specs -mfpu=fpv4-sp-d16 -mfloat-abi=hard -mthumb -o "Drivers/STM32F4xx_HAL_Driver/Src/stm32f4xx_hal_rcc_ex.o"
arm-none-eabi-gcc "../Drivers/STM32F4xx_HAL_Driver/Src/stm32f4xx_hal_rtc.c" -mcpu=cortex-m4 -std=gnu11 -g3 -DDEBUG -DUSE_HAL_DRIVER -DSTM32F446xx -c -I../Core/Inc -I../Drivers/STM32F4xx_HAL_Driver/Inc -I../Drivers/STM32F4xx_HAL_Driver/Inc/Legacy -I../Drivers/CMSIS/Device/ST/STM32F4xx/Include -I../Drivers/CMSIS/Include -O0 -ffunction-sections -fdata-sections -Wall -fstack-usage -MMD -MP -MF"Drivers/STM32F4xx_HAL_Driver/Src/stm32f4xx_hal_rtc.d" -MT"Drivers/STM32F4xx_HAL_Driver/Src/stm32f4xx_hal_rtc.o" --specs=nano.specs -mfpu=fpv4-sp-d16 -mfloat-abi=hard -mthumb -o "Drivers/STM32F4xx_HAL_Driver/Src/stm32f4xx_hal_rtc.o"
arm-none-eabi-gcc "../Drivers/STM32F4xx_HAL_Driver/Src/stm32f4xx_hal_rtc_ex.c" -mcpu=cortex-m4 -std=gnu11 -g3 -DDEBUG -DUSE_HAL_DRIVER -DSTM32F446xx -c -I../Core/Inc -I../Drivers/STM32F4xx_HAL_Driver/Inc -I../Drivers/STM32F4xx_HAL_Driver/Inc/Legacy -I../Drivers/CMSIS/Device/ST/STM32F4xx/Include -I../Drivers/CMSIS/Include -O0 -ffunction-sections -fdata-sections -Wall -fstack-usage -MMD -MP -MF"Drivers/STM32F4xx_HAL_Driver/Src/stm32f4xx_hal_rtc_ex.d" -MT"Drivers/STM32F4xx_HAL_Driver/Src/stm32f4xx_hal_rtc_ex.o" --specs=nano.specs -mfpu=fpv4-sp-d16 -mfloat-abi=hard -mthumb -o "Drivers/STM32F4xx_HAL_Driver/Src/stm32f4xx_hal_rtc_ex.o"
arm-none-eabi-gcc "../Drivers/STM32F4xx_HAL_Driver/Src/stm32f4xx_hal_tim.c" -mcpu=cortex-m4 -std=gnu11 -g3 -DDEBUG -DUSE_HAL_DRIVER -DSTM32F446xx -c -I../Core/Inc -I../Drivers/STM32F4xx_HAL_Driver/Inc -I../Drivers/STM32F4xx_HAL_Driver/Inc/Legacy -I../Drivers/CMSIS/Device/ST/STM32F4xx/Include -I../Drivers/CMSIS/Include -O0 -ffunction-sections -fdata-sections -Wall -fstack-usage -MMD -MP -MF"Drivers/STM32F4xx_HAL_Driver/Src/stm32f4xx_hal_tim.d" -MT"Drivers/STM32F4xx_HAL_Driver/Src/stm32f4xx_hal_tim.o" --specs=nano.specs -mfpu=fpv4-sp-d16 -mfloat-abi=hard -mthumb -o "Drivers/STM32F4xx_HAL_Driver/Src/stm32f4xx_hal_tim.o"
arm-none-eabi-gcc "../Drivers/STM32F4xx_HAL_Driver/Src/stm32f4xx_hal_tim_ex.c" -mcpu=cortex-m4 -std=gnu11 -g3 -DDEBUG -DUSE_HAL_DRIVER -DSTM32F446xx -c -I../Core/Inc -I../Drivers/STM32F4xx_HAL_Driver/Inc -I../Drivers/STM32F4xx_HAL_Driver/Inc/Legacy -I../Drivers/CMSIS/Device/ST/STM32F4xx/Include -I../Drivers/CMSIS/Include -O0 -ffunction-sections -fdata-sections -Wall -fstack-usage -MMD -MP -MF"Drivers/STM32F4xx_HAL_Driver/Src/stm32f4xx_hal_tim_ex.d" -MT"Drivers/STM32F4xx_HAL_Driver/Src/stm32f4xx_hal_tim_ex.o" --specs=nano.specs -mfpu=fpv4-sp-d16 -mfloat-abi=hard -mthumb -o "Drivers/STM32F4xx_HAL_Driver/Src/stm32f4xx_hal_tim_ex.o"
arm-none-eabi-gcc -mcpu=cortex-m4 -g3 -DDEBUG -c -x assembler-with-cpp -MMD -MP -MF"Core/Startup/startup_stm32f446retx.d" -MT"Core/Startup/startup_stm32f446retx.o" --specs=nano.specs -mfpu=fpv4-sp-d16 -mfloat-abi=hard -mthumb -o "Core/Startup/startup_stm32f446retx.o" "../Core/Startup/startup_stm32f446retx.s"
arm-none-eabi-gcc "../Core/Src/CenyML_Library/cpuSequential/machineLearning/CenyMLclassification.c" -mcpu=cortex-m4 -std=gnu11 -g3 -DDEBUG -DUSE_HAL_DRIVER -DSTM32F446xx -c -I../Core/Inc -I../Drivers/STM32F4xx_HAL_Driver/Inc -I../Drivers/STM32F4xx_HAL_Driver/Inc/Legacy -I../Drivers/CMSIS/Device/ST/STM32F4xx/Include -I../Drivers/CMSIS/Include -O0 -ffunction-sections -fdata-sections -Wall -fstack-usage -MMD -MP -MF"Core/Src/CenyML_Library/cpuSequential/machineLearning/CenyMLclassification.d" -MT"Core/Src/CenyML_Library/cpuSequential/machineLearning/CenyMLclassification.o" --specs=nano.specs -mfpu=fpv4-sp-d16 -mfloat-abi=hard -mthumb -o "Core/Src/CenyML_Library/cpuSequential/machineLearning/CenyMLclassification.o"
arm-none-eabi-gcc "../Core/Src/main.c" -mcpu=cortex-m4 -std=gnu11 -g3 -DDEBUG -DUSE_HAL_DRIVER -DSTM32F446xx -c -I../Core/Inc -I../Drivers/STM32F4xx_HAL_Driver/Inc -I../Drivers/STM32F4xx_HAL_Driver/Inc/Legacy -I../Drivers/CMSIS/Device/ST/STM32F4xx/Include -I../Drivers/CMSIS/Include -O0 -ffunction-sections -fdata-sections -Wall -fstack-usage -MMD -MP -MF"Core/Src/main.d" -MT"Core/Src/main.o" --specs=nano.specs -mfpu=fpv4-sp-d16 -mfloat-abi=hard -mthumb -o "Core/Src/main.o"
arm-none-eabi-gcc "../Core/Src/stm32f4xx_hal_msp.c" -mcpu=cortex-m4 -std=gnu11 -g3 -DDEBUG -DUSE_HAL_DRIVER -DSTM32F446xx -c -I../Core/Inc -I../Drivers/STM32F4xx_HAL_Driver/Inc -I../Drivers/STM32F4xx_HAL_Driver/Inc/Legacy -I../Drivers/CMSIS/Device/ST/STM32F4xx/Include -I../Drivers/CMSIS/Include -O0 -ffunction-sections -fdata-sections -Wall -fstack-usage -MMD -MP -MF"Core/Src/stm32f4xx_hal_msp.d" -MT"Core/Src/stm32f4xx_hal_msp.o" --specs=nano.specs -mfpu=fpv4-sp-d16 -mfloat-abi=hard -mthumb -o "Core/Src/stm32f4xx_hal_msp.o"
arm-none-eabi-gcc "../Core/Src/stm32f4xx_it.c" -mcpu=cortex-m4 -std=gnu11 -g3 -DDEBUG -DUSE_HAL_DRIVER -DSTM32F446xx -c -I../Core/Inc -I../Drivers/STM32F4xx_HAL_Driver/Inc -I../Drivers/STM32F4xx_HAL_Driver/Inc/Legacy -I../Drivers/CMSIS/Device/ST/STM32F4xx/Include -I../Drivers/CMSIS/Include -O0 -ffunction-sections -fdata-sections -Wall -fstack-usage -MMD -MP -MF"Core/Src/stm32f4xx_it.d" -MT"Core/Src/stm32f4xx_it.o" --specs=nano.specs -mfpu=fpv4-sp-d16 -mfloat-abi=hard -mthumb -o "Core/Src/stm32f4xx_it.o"
arm-none-eabi-gcc "../Core/Src/syscalls.c" -mcpu=cortex-m4 -std=gnu11 -g3 -DDEBUG -DUSE_HAL_DRIVER -DSTM32F446xx -c -I../Core/Inc -I../Drivers/STM32F4xx_HAL_Driver/Inc -I../Drivers/STM32F4xx_HAL_Driver/Inc/Legacy -I../Drivers/CMSIS/Device/ST/STM32F4xx/Include -I../Drivers/CMSIS/Include -O0 -ffunction-sections -fdata-sections -Wall -fstack-usage -MMD -MP -MF"Core/Src/syscalls.d" -MT"Core/Src/syscalls.o" --specs=nano.specs -mfpu=fpv4-sp-d16 -mfloat-abi=hard -mthumb -o "Core/Src/syscalls.o"
arm-none-eabi-gcc "../Core/Src/sysmem.c" -mcpu=cortex-m4 -std=gnu11 -g3 -DDEBUG -DUSE_HAL_DRIVER -DSTM32F446xx -c -I../Core/Inc -I../Drivers/STM32F4xx_HAL_Driver/Inc -I../Drivers/STM32F4xx_HAL_Driver/Inc/Legacy -I../Drivers/CMSIS/Device/ST/STM32F4xx/Include -I../Drivers/CMSIS/Include -O0 -ffunction-sections -fdata-sections -Wall -fstack-usage -MMD -MP -MF"Core/Src/sysmem.d" -MT"Core/Src/sysmem.o" --specs=nano.specs -mfpu=fpv4-sp-d16 -mfloat-abi=hard -mthumb -o "Core/Src/sysmem.o"
arm-none-eabi-gcc "../Core/Src/system_stm32f4xx.c" -mcpu=cortex-m4 -std=gnu11 -g3 -DDEBUG -DUSE_HAL_DRIVER -DSTM32F446xx -c -I../Core/Inc -I../Drivers/STM32F4xx_HAL_Driver/Inc -I../Drivers/STM32F4xx_HAL_Driver/Inc/Legacy -I../Drivers/CMSIS/Device/ST/STM32F4xx/Include -I../Drivers/CMSIS/Include -O0 -ffunction-sections -fdata-sections -Wall -fstack-usage -MMD -MP -MF"Core/Src/system_stm32f4xx.d" -MT"Core/Src/system_stm32f4xx.o" --specs=nano.specs -mfpu=fpv4-sp-d16 -mfloat-abi=hard -mthumb -o "Core/Src/system_stm32f4xx.o"
../Core/Src/CenyML_Library/cpuSequential/machineLearning/CenyMLclassification.c: In function 'trainGaussianKernel':
../Core/Src/CenyML_Library/cpuSequential/machineLearning/CenyMLclassification.c:2217:7: warning: variable 'currentRowAndColumn2' set but not used [-Wunused-but-set-variable]
 2217 |   int currentRowAndColumn2; // This variable is used to store a repetitive mathematical operations in some for-loops, for performance purposes.
      |       ^~~~~~~~~~~~~~~~~~~~
../Core/Src/CenyML_Library/cpuSequential/machineLearning/CenyMLclassification.c: In function 'predictKernelMachineClassification':
../Core/Src/CenyML_Library/cpuSequential/machineLearning/CenyMLclassification.c:2475:8: warning: variable 'currentRowAndColumn2' set but not used [-Wunused-but-set-variable]
 2475 |    int currentRowAndColumn2; // This variable is used to store a repetitive mathematical operations in some for-loops, for performance purposes.
      |        ^~~~~~~~~~~~~~~~~~~~
../Core/Src/CenyML_Library/cpuSequential/machineLearning/CenyMLclassification.c:2555:8: warning: variable 'currentRowAndColumn2' set but not used [-Wunused-but-set-variable]
 2555 |    int currentRowAndColumn2; // This variable is used to store a repetitive mathematical operations in some for-loops, for performance purposes.
      |        ^~~~~~~~~~~~~~~~~~~~
In file included from ../Core/Src/main.c:25:
../Core/Src/CenyML_Library/cpuSequential/machineLearning/CenyMLclassification.h:29:13: warning: 'trainLinearKernel' declared 'static' but never defined [-Wunused-function]
   29 | static void trainLinearKernel(double *, double *, int, int, int, char, double *);
      |             ^~~~~~~~~~~~~~~~~
../Core/Src/CenyML_Library/cpuSequential/machineLearning/CenyMLclassification.h:30:13: warning: 'trainPolynomialKernel' declared 'static' but never defined [-Wunused-function]
   30 | static void trainPolynomialKernel(double *, double *, int, int, int, int, char, char, double *);
      |             ^~~~~~~~~~~~~~~~~~~~~
../Core/Src/CenyML_Library/cpuSequential/machineLearning/CenyMLclassification.h:31:13: warning: 'trainLogisticKernel' declared 'static' but never defined [-Wunused-function]
   31 | static void trainLogisticKernel(double *, double *, int, int, int, char, double *);
      |             ^~~~~~~~~~~~~~~~~~~
../Core/Src/CenyML_Library/cpuSequential/machineLearning/CenyMLclassification.h:32:13: warning: 'trainGaussianKernel' declared 'static' but never defined [-Wunused-function]
   32 | static void trainGaussianKernel(double *, double *, int, int, int, double, char, char, double *);
      |             ^~~~~~~~~~~~~~~~~~~
arm-none-eabi-gcc -o "Project.elf" @"objects.list"   -mcpu=cortex-m4 -T"/home/mortrack/Desktop/GitHub/CenyML/STM32F446RE_Examples/KernelMachineClassification/main_gaussianKernel/Project/STM32F446RETX_FLASH.ld" --specs=nosys.specs -Wl,-Map="Project.map" -Wl,--gc-sections -static --specs=nano.specs -mfpu=fpv4-sp-d16 -mfloat-abi=hard -mthumb -Wl,--start-group -lc -lm -Wl,--end-group
Finished building target: Project.elf
 
arm-none-eabi-size   Project.elf 
arm-none-eabi-objdump -h -S  Project.elf  > "Project.list"
arm-none-eabi-objcopy  -O binary  Project.elf  "Project.bin"
   text	   data	    bss	    dec	    hex	filename
  23252	    120	   1632	  25004	   61ac	Project.elf
Finished building: default.size.stdout
 
Finished building: Project.bin
 
Finished building: Project.list
 
19:15:57 **** Incremental Build of configuration Debug for project Project ****
make -j88 all 
arm-none-eabi-gcc "../Drivers/STM32F4xx_HAL_Driver/Src/stm32f4xx_hal.c" -mcpu=cortex-m4 -std=gnu11 -g3 -DDEBUG -DUSE_HAL_DRIVER -DSTM32F446xx -c -I../Core/Inc -I../Drivers/STM32F4xx_HAL_Driver/Inc -I../Drivers/STM32F4xx_HAL_Driver/Inc/Legacy -I../Drivers/CMSIS/Device/ST/STM32F4xx/Include -I../Drivers/CMSIS/Include -O3 -ffunction-sections -fdata-sections -Wall -fstack-usage -MMD -MP -MF"Drivers/STM32F4xx_HAL_Driver/Src/stm32f4xx_hal.d" -MT"Drivers/STM32F4xx_HAL_Driver/Src/stm32f4xx_hal.o" --specs=nano.specs -mfpu=fpv4-sp-d16 -mfloat-abi=hard -mthumb -o "Drivers/STM32F4xx_HAL_Driver/Src/stm32f4xx_hal.o"
arm-none-eabi-gcc "../Drivers/STM32F4xx_HAL_Driver/Src/stm32f4xx_hal_cortex.c" -mcpu=cortex-m4 -std=gnu11 -g3 -DDEBUG -DUSE_HAL_DRIVER -DSTM32F446xx -c -I../Core/Inc -I../Drivers/STM32F4xx_HAL_Driver/Inc -I../Drivers/STM32F4xx_HAL_Driver/Inc/Legacy -I../Drivers/CMSIS/Device/ST/STM32F4xx/Include -I../Drivers/CMSIS/Include -O3 -ffunction-sections -fdata-sections -Wall -fstack-usage -MMD -MP -MF"Drivers/STM32F4xx_HAL_Driver/Src/stm32f4xx_hal_cortex.d" -MT"Drivers/STM32F4xx_HAL_Driver/Src/stm32f4xx_hal_cortex.o" --specs=nano.specs -mfpu=fpv4-sp-d16 -mfloat-abi=hard -mthumb -o "Drivers/STM32F4xx_HAL_Driver/Src/stm32f4xx_hal_cortex.o"
arm-none-eabi-gcc "../Drivers/STM32F4xx_HAL_Driver/Src/stm32f4xx_hal_dma.c" -mcpu=cortex-m4 -std=gnu11 -g3 -DDEBUG -DUSE_HAL_DRIVER -DSTM32F446xx -c -I../Core/Inc -I../Drivers/STM32F4xx_HAL_Driver/Inc -I../Drivers/STM32F4xx_HAL_Driver/Inc/Legacy -I../Drivers/CMSIS/Device/ST/STM32F4xx/Include -I../Drivers/CMSIS/Include -O3 -ffunction-sections -fdata-sections -Wall -fstack-usage -MMD -MP -MF"Drivers/STM32F4xx_HAL_Driver/Src/stm32f4xx_hal_dma.d" -MT"Drivers/STM32F4xx_HAL_Driver/Src/stm32f4xx_hal_dma.o" --specs=nano.specs -mfpu=fpv4-sp-d16 -mfloat-abi=hard -mthumb -o "Drivers/STM32F4xx_HAL_Driver/Src/stm32f4xx_hal_dma.o"
arm-none-eabi-gcc "../Drivers/STM32F4xx_HAL_Driver/Src/stm32f4xx_hal_dma_ex.c" -mcpu=cortex-m4 -std=gnu11 -g3 -DDEBUG -DUSE_HAL_DRIVER -DSTM32F446xx -c -I../Core/Inc -I../Drivers/STM32F4xx_HAL_Driver/Inc -I../Drivers/STM32F4xx_HAL_Driver/Inc/Legacy -I../Drivers/CMSIS/Device/ST/STM32F4xx/Include -I../Drivers/CMSIS/Include -O3 -ffunction-sections -fdata-sections -Wall -fstack-usage -MMD -MP -MF"Drivers/STM32F4xx_HAL_Driver/Src/stm32f4xx_hal_dma_ex.d" -MT"Drivers/STM32F4xx_HAL_Driver/Src/stm32f4xx_hal_dma_ex.o" --specs=nano.specs -mfpu=fpv4-sp-d16 -mfloat-abi=hard -mthumb -o "Drivers/STM32F4xx_HAL_Driver/Src/stm32f4xx_hal_dma_ex.o"
arm-none-eabi-gcc "../Drivers/STM32F4xx_HAL_Driver/Src/stm32f4xx_hal_exti.c" -mcpu=cortex-m4 -std=gnu11 -g3 -DDEBUG -DUSE_HAL_DRIVER -DSTM32F446xx -c -I../Core/Inc -I../Drivers/STM32F4xx_HAL_Driver/Inc -I../Drivers/STM32F4xx_HAL_Driver/Inc/Legacy -I../Drivers/CMSIS/Device/ST/STM32F4xx/Include -I../Drivers/CMSIS/Include -O3 -ffunction-sections -fdata-sections -Wall -fstack-usage -MMD -MP -MF"Drivers/STM32F4xx_HAL_Driver/Src/stm32f4xx_hal_exti.d" -MT"Drivers/STM32F4xx_HAL_Driver/Src/stm32f4xx_hal_exti.o" --specs=nano.specs -mfpu=fpv4-sp-d16 -mfloat-abi=hard -mthumb -o "Drivers/STM32F4xx_HAL_Driver/Src/stm32f4xx_hal_exti.o"
arm-none-eabi-gcc "../Drivers/STM32F4xx_HAL_Driver/Src/stm32f4xx_hal_flash.c" -mcpu=cortex-m4 -std=gnu11 -g3 -DDEBUG -DUSE_HAL_DRIVER -DSTM32F446xx -c -I../Core/Inc -I../Drivers/STM32F4xx_HAL_Driver/Inc -I../Drivers/STM32F4xx_HAL_Driver/Inc/Legacy -I../Drivers/CMSIS/Device/ST/STM32F4xx/Include -I../Drivers/CMSIS/Include -O3 -ffunction-sections -fdata-sections -Wall -fstack-usage -MMD -MP -MF"Drivers/STM32F4xx_HAL_Driver/Src/stm32f4xx_hal_flash.d" -MT"Drivers/STM32F4xx_HAL_Driver/Src/stm32f4xx_hal_flash.o" --specs=nano.specs -mfpu=fpv4-sp-d16 -mfloat-abi=hard -mthumb -o "Drivers/STM32F4xx_HAL_Driver/Src/stm32f4xx_hal_flash.o"
arm-none-eabi-gcc "../Drivers/STM32F4xx_HAL_Driver/Src/stm32f4xx_hal_flash_ex.c" -mcpu=cortex-m4 -std=gnu11 -g3 -DDEBUG -DUSE_HAL_DRIVER -DSTM32F446xx -c -I../Core/Inc -I../Drivers/STM32F4xx_HAL_Driver/Inc -I../Drivers/STM32F4xx_HAL_Driver/Inc/Legacy -I../Drivers/CMSIS/Device/ST/STM32F4xx/Include -I../Drivers/CMSIS/Include -O3 -ffunction-sections -fdata-sections -Wall -fstack-usage -MMD -MP -MF"Drivers/STM32F4xx_HAL_Driver/Src/stm32f4xx_hal_flash_ex.d" -MT"Drivers/STM32F4xx_HAL_Driver/Src/stm32f4xx_hal_flash_ex.o" --specs=nano.specs -mfpu=fpv4-sp-d16 -mfloat-abi=hard -mthumb -o "Drivers/STM32F4xx_HAL_Driver/Src/stm32f4xx_hal_flash_ex.o"
arm-none-eabi-gcc "../Drivers/STM32F4xx_HAL_Driver/Src/stm32f4xx_hal_flash_ramfunc.c" -mcpu=cortex-m4 -std=gnu11 -g3 -DDEBUG -DUSE_HAL_DRIVER -DSTM32F446xx -c -I../Core/Inc -I../Drivers/STM32F4xx_HAL_Driver/Inc -I../Drivers/STM32F4xx_HAL_Driver/Inc/Legacy -I../Drivers/CMSIS/Device/ST/STM32F4xx/Include -I../Drivers/CMSIS/Include -O3 -ffunction-sections -fdata-sections -Wall -fstack-usage -MMD -MP -MF"Drivers/STM32F4xx_HAL_Driver/Src/stm32f4xx_hal_flash_ramfunc.d" -MT"Drivers/STM32F4xx_HAL_Driver/Src/stm32f4xx_hal_flash_ramfunc.o" --specs=nano.specs -mfpu=fpv4-sp-d16 -mfloat-abi=hard -mthumb -o "Drivers/STM32F4xx_HAL_Driver/Src/stm32f4xx_hal_flash_ramfunc.o"
arm-none-eabi-gcc "../Drivers/STM32F4xx_HAL_Driver/Src/stm32f4xx_hal_gpio.c" -mcpu=cortex-m4 -std=gnu11 -g3 -DDEBUG -DUSE_HAL_DRIVER -DSTM32F446xx -c -I../Core/Inc -I../Drivers/STM32F4xx_HAL_Driver/Inc -I../Drivers/STM32F4xx_HAL_Driver/Inc/Legacy -I../Drivers/CMSIS/Device/ST/STM32F4xx/Include -I../Drivers/CMSIS/Include -O3 -ffunction-sections -fdata-sections -Wall -fstack-usage -MMD -MP -MF"Drivers/STM32F4xx_HAL_Driver/Src/stm32f4xx_hal_gpio.d" -MT"Drivers/STM32F4xx_HAL_Driver/Src/stm32f4xx_hal_gpio.o" --specs=nano.specs -mfpu=fpv4-sp-d16 -mfloat-abi=hard -mthumb -o "Drivers/STM32F4xx_HAL_Driver/Src/stm32f4xx_hal_gpio.o"
arm-none-eabi-gcc "../Drivers/STM32F4xx_HAL_Driver/Src/stm32f4xx_hal_pwr.c" -mcpu=cortex-m4 -std=gnu11 -g3 -DDEBUG -DUSE_HAL_DRIVER -DSTM32F446xx -c -I../Core/Inc -I../Drivers/STM32F4xx_HAL_Driver/Inc -I../Drivers/STM32F4xx_HAL_Driver/Inc/Legacy -I../Drivers/CMSIS/Device/ST/STM32F4xx/Include -I../Drivers/CMSIS/Include -O3 -ffunction-sections -fdata-sections -Wall -fstack-usage -MMD -MP -MF"Drivers/STM32F4xx_HAL_Driver/Src/stm32f4xx_hal_pwr.d" -MT"Drivers/STM32F4xx_HAL_Driver/Src/stm32f4xx_hal_pwr.o" --specs=nano.specs -mfpu=fpv4-sp-d16 -mfloat-abi=hard -mthumb -o "Drivers/STM32F4xx_HAL_Driver/Src/stm32f4xx_hal_pwr.o"
arm-none-eabi-gcc "../Drivers/STM32F4xx_HAL_Driver/Src/stm32f4xx_hal_pwr_ex.c" -mcpu=cortex-m4 -std=gnu11 -g3 -DDEBUG -DUSE_HAL_DRIVER -DSTM32F446xx -c -I../Core/Inc -I../Drivers/STM32F4xx_HAL_Driver/Inc -I../Drivers/STM32F4xx_HAL_Driver/Inc/Legacy -I../Drivers/CMSIS/Device/ST/STM32F4xx/Include -I../Drivers/CMSIS/Include -O3 -ffunction-sections -fdata-sections -Wall -fstack-usage -MMD -MP -MF"Drivers/STM32F4xx_HAL_Driver/Src/stm32f4xx_hal_pwr_ex.d" -MT"Drivers/STM32F4xx_HAL_Driver/Src/stm32f4xx_hal_pwr_ex.o" --specs=nano.specs -mfpu=fpv4-sp-d16 -mfloat-abi=hard -mthumb -o "Drivers/STM32F4xx_HAL_Driver/Src/stm32f4xx_hal_pwr_ex.o"
arm-none-eabi-gcc "../Drivers/STM32F4xx_HAL_Driver/Src/stm32f4xx_hal_rcc.c" -mcpu=cortex-m4 -std=gnu11 -g3 -DDEBUG -DUSE_HAL_DRIVER -DSTM32F446xx -c -I../Core/Inc -I../Drivers/STM32F4xx_HAL_Driver/Inc -I../Drivers/STM32F4xx_HAL_Driver/Inc/Legacy -I../Drivers/CMSIS/Device/ST/STM32F4xx/Include -I../Drivers/CMSIS/Include -O3 -ffunction-sections -fdata-sections -Wall -fstack-usage -MMD -MP -MF"Drivers/STM32F4xx_HAL_Driver/Src/stm32f4xx_hal_rcc.d" -MT"Drivers/STM32F4xx_HAL_Driver/Src/stm32f4xx_hal_rcc.o" --specs=nano.specs -mfpu=fpv4-sp-d16 -mfloat-abi=hard -mthumb -o "Drivers/STM32F4xx_HAL_Driver/Src/stm32f4xx_hal_rcc.o"
arm-none-eabi-gcc "../Drivers/STM32F4xx_HAL_Driver/Src/stm32f4xx_hal_rcc_ex.c" -mcpu=cortex-m4 -std=gnu11 -g3 -DDEBUG -DUSE_HAL_DRIVER -DSTM32F446xx -c -I../Core/Inc -I../Drivers/STM32F4xx_HAL_Driver/Inc -I../Drivers/STM32F4xx_HAL_Driver/Inc/Legacy -I../Drivers/CMSIS/Device/ST/STM32F4xx/Include -I../Drivers/CMSIS/Include -O3 -ffunction-sections -fdata-sections -Wall -fstack-usage -MMD -MP -MF"Drivers/STM32F4xx_HAL_Driver/Src/stm32f4xx_hal_rcc_ex.d" -MT"Drivers/STM32F4xx_HAL_Driver/Src/stm32f4xx_hal_rcc_ex.o" --specs=nano.specs -mfpu=fpv4-sp-d16 -mfloat-abi=hard -mthumb -o "Drivers/STM32F4xx_HAL_Driver/Src/stm32f4xx_hal_rcc_ex.o"
arm-none-eabi-gcc "../Drivers/STM32F4xx_HAL_Driver/Src/stm32f4xx_hal_rtc.c" -mcpu=cortex-m4 -std=gnu11 -g3 -DDEBUG -DUSE_HAL_DRIVER -DSTM32F446xx -c -I../Core/Inc -I../Drivers/STM32F4xx_HAL_Driver/Inc -I../Drivers/STM32F4xx_HAL_Driver/Inc/Legacy -I../Drivers/CMSIS/Device/ST/STM32F4xx/Include -I../Drivers/CMSIS/Include -O3 -ffunction-sections -fdata-sections -Wall -fstack-usage -MMD -MP -MF"Drivers/STM32F4xx_HAL_Driver/Src/stm32f4xx_hal_rtc.d" -MT"Drivers/STM32F4xx_HAL_Driver/Src/stm32f4xx_hal_rtc.o" --specs=nano.specs -mfpu=fpv4-sp-d16 -mfloat-abi=hard -mthumb -o "Drivers/STM32F4xx_HAL_Driver/Src/stm32f4xx_hal_rtc.o"
arm-none-eabi-gcc "../Drivers/STM32F4xx_HAL_Driver/Src/stm32f4xx_hal_rtc_ex.c" -mcpu=cortex-m4 -std=gnu11 -g3 -DDEBUG -DUSE_HAL_DRIVER -DSTM32F446xx -c -I../Core/Inc -I../Drivers/STM32F4xx_HAL_Driver/Inc -I../Drivers/STM32F4xx_HAL_Driver/Inc/Legacy -I../Drivers/CMSIS/Device/ST/STM32F4xx/Include -I../Drivers/CMSIS/Include -O3 -ffunction-sections -fdata-sections -Wall -fstack-usage -MMD -MP -MF"Drivers/STM32F4xx_HAL_Driver/Src/stm32f4xx_hal_rtc_ex.d" -MT"Drivers/STM32F4xx_HAL_Driver/Src/stm32f4xx_hal_rtc_ex.o" --specs=nano.specs -mfpu=fpv4-sp-d16 -mfloat-abi=hard -mthumb -o "Drivers/STM32F4xx_HAL_Driver/Src/stm32f4xx_hal_rtc_ex.o"
arm-none-eabi-gcc "../Drivers/STM32F4xx_HAL_Driver/Src/stm32f4xx_hal_tim.c" -mcpu=cortex-m4 -std=gnu11 -g3 -DDEBUG -DUSE_HAL_DRIVER -DSTM32F446xx -c -I../Core/Inc -I../Drivers/STM32F4xx_HAL_Driver/Inc -I../Drivers/STM32F4xx_HAL_Driver/Inc/Legacy -I../Drivers/CMSIS/Device/ST/STM32F4xx/Include -I../Drivers/CMSIS/Include -O3 -ffunction-sections -fdata-sections -Wall -fstack-usage -MMD -MP -MF"Drivers/STM32F4xx_HAL_Driver/Src/stm32f4xx_hal_tim.d" -MT"Drivers/STM32F4xx_HAL_Driver/Src/stm32f4xx_hal_tim.o" --specs=nano.specs -mfpu=fpv4-sp-d16 -mfloat-abi=hard -mthumb -o "Drivers/STM32F4xx_HAL_Driver/Src/stm32f4xx_hal_tim.o"
arm-none-eabi-gcc "../Drivers/STM32F4xx_HAL_Driver/Src/stm32f4xx_hal_tim_ex.c" -mcpu=cortex-m4 -std=gnu11 -g3 -DDEBUG -DUSE_HAL_DRIVER -DSTM32F446xx -c -I../Core/Inc -I../Drivers/STM32F4xx_HAL_Driver/Inc -I../Drivers/STM32F4xx_HAL_Driver/Inc/Legacy -I../Drivers/CMSIS/Device/ST/STM32F4xx/Include -I../Drivers/CMSIS/Include -O3 -ffunction-sections -fdata-sections -Wall -fstack-usage -MMD -MP -MF"Drivers/STM32F4xx_HAL_Driver/Src/stm32f4xx_hal_tim_ex.d" -MT"Drivers/STM32F4xx_HAL_Driver/Src/stm32f4xx_hal_tim_ex.o" --specs=nano.specs -mfpu=fpv4-sp-d16 -mfloat-abi=hard -mthumb -o "Drivers/STM32F4xx_HAL_Driver/Src/stm32f4xx_hal_tim_ex.o"
arm-none-eabi-gcc "../Core/Src/CenyML_Library/cpuSequential/machineLearning/CenyMLclassification.c" -mcpu=cortex-m4 -std=gnu11 -g3 -DDEBUG -DUSE_HAL_DRIVER -DSTM32F446xx -c -I../Core/Inc -I../Drivers/STM32F4xx_HAL_Driver/Inc -I../Drivers/STM32F4xx_HAL_Driver/Inc/Legacy -I../Drivers/CMSIS/Device/ST/STM32F4xx/Include -I../Drivers/CMSIS/Include -O3 -ffunction-sections -fdata-sections -Wall -fstack-usage -MMD -MP -MF"Core/Src/CenyML_Library/cpuSequential/machineLearning/CenyMLclassification.d" -MT"Core/Src/CenyML_Library/cpuSequential/machineLearning/CenyMLclassification.o" --specs=nano.specs -mfpu=fpv4-sp-d16 -mfloat-abi=hard -mthumb -o "Core/Src/CenyML_Library/cpuSequential/machineLearning/CenyMLclassification.o"
arm-none-eabi-gcc "../Core/Src/main.c" -mcpu=cortex-m4 -std=gnu11 -g3 -DDEBUG -DUSE_HAL_DRIVER -DSTM32F446xx -c -I../Core/Inc -I../Drivers/STM32F4xx_HAL_Driver/Inc -I../Drivers/STM32F4xx_HAL_Driver/Inc/Legacy -I../Drivers/CMSIS/Device/ST/STM32F4xx/Include -I../Drivers/CMSIS/Include -O3 -ffunction-sections -fdata-sections -Wall -fstack-usage -MMD -MP -MF"Core/Src/main.d" -MT"Core/Src/main.o" --specs=nano.specs -mfpu=fpv4-sp-d16 -mfloat-abi=hard -mthumb -o "Core/Src/main.o"
arm-none-eabi-gcc "../Core/Src/stm32f4xx_hal_msp.c" -mcpu=cortex-m4 -std=gnu11 -g3 -DDEBUG -DUSE_HAL_DRIVER -DSTM32F446xx -c -I../Core/Inc -I../Drivers/STM32F4xx_HAL_Driver/Inc -I../Drivers/STM32F4xx_HAL_Driver/Inc/Legacy -I../Drivers/CMSIS/Device/ST/STM32F4xx/Include -I../Drivers/CMSIS/Include -O3 -ffunction-sections -fdata-sections -Wall -fstack-usage -MMD -MP -MF"Core/Src/stm32f4xx_hal_msp.d" -MT"Core/Src/stm32f4xx_hal_msp.o" --specs=nano.specs -mfpu=fpv4-sp-d16 -mfloat-abi=hard -mthumb -o "Core/Src/stm32f4xx_hal_msp.o"
arm-none-eabi-gcc "../Core/Src/stm32f4xx_it.c" -mcpu=cortex-m4 -std=gnu11 -g3 -DDEBUG -DUSE_HAL_DRIVER -DSTM32F446xx -c -I../Core/Inc -I../Drivers/STM32F4xx_HAL_Driver/Inc -I../Drivers/STM32F4xx_HAL_Driver/Inc/Legacy -I../Drivers/CMSIS/Device/ST/STM32F4xx/Include -I../Drivers/CMSIS/Include -O3 -ffunction-sections -fdata-sections -Wall -fstack-usage -MMD -MP -MF"Core/Src/stm32f4xx_it.d" -MT"Core/Src/stm32f4xx_it.o" --specs=nano.specs -mfpu=fpv4-sp-d16 -mfloat-abi=hard -mthumb -o "Core/Src/stm32f4xx_it.o"
arm-none-eabi-gcc "../Core/Src/syscalls.c" -mcpu=cortex-m4 -std=gnu11 -g3 -DDEBUG -DUSE_HAL_DRIVER -DSTM32F446xx -c -I../Core/Inc -I../Drivers/STM32F4xx_HAL_Driver/Inc -I../Drivers/STM32F4xx_HAL_Driver/Inc/Legacy -I../Drivers/CMSIS/Device/ST/STM32F4xx/Include -I../Drivers/CMSIS/Include -O3 -ffunction-sections -fdata-sections -Wall -fstack-usage -MMD -MP -MF"Core/Src/syscalls.d" -MT"Core/Src/syscalls.o" --specs=nano.specs -mfpu=fpv4-sp-d16 -mfloat-abi=hard -mthumb -o "Core/Src/syscalls.o"
arm-none-eabi-gcc "../Core/Src/sysmem.c" -mcpu=cortex-m4 -std=gnu11 -g3 -DDEBUG -DUSE_HAL_DRIVER -DSTM32F446xx -c -I../Core/Inc -I../Drivers/STM32F4xx_HAL_Driver/Inc -I../Drivers/STM32F4xx_HAL_Driver/Inc/Legacy -I../Drivers/CMSIS/Device/ST/STM32F4xx/Include -I../Drivers/CMSIS/Include -O3 -ffunction-sections -fdata-sections -Wall -fstack-usage -MMD -MP -MF"Core/Src/sysmem.d" -MT"Core/Src/sysmem.o" --specs=nano.specs -mfpu=fpv4-sp-d16 -mfloat-abi=hard -mthumb -o "Core/Src/sysmem.o"
arm-none-eabi-gcc "../Core/Src/system_stm32f4xx.c" -mcpu=cortex-m4 -std=gnu11 -g3 -DDEBUG -DUSE_HAL_DRIVER -DSTM32F446xx -c -I../Core/Inc -I../Drivers/STM32F4xx_HAL_Driver/Inc -I../Drivers/STM32F4xx_HAL_Driver/Inc/Legacy -I../Drivers/CMSIS/Device/ST/STM32F4xx/Include -I../Drivers/CMSIS/Include -O3 -ffunction-sections -fdata-sections -Wall -fstack-usage -MMD -MP -MF"Core/Src/system_stm32f4xx.d" -MT"Core/Src/system_stm32f4xx.o" --specs=nano.specs -mfpu=fpv4-sp-d16 -mfloat-abi=hard -mthumb -o "Core/Src/system_stm32f4xx.o"
../Core/Src/CenyML_Library/cpuSequential/machineLearning/CenyMLclassification.c: In function 'trainGaussianKernel':
../Core/Src/CenyML_Library/cpuSequential/machineLearning/CenyMLclassification.c:2217:7: warning: variable 'currentRowAndColumn2' set but not used [-Wunused-but-set-variable]
 2217 |   int currentRowAndColumn2; // This variable is used to store a repetitive mathematical operations in some for-loops, for performance purposes.
      |       ^~~~~~~~~~~~~~~~~~~~
../Core/Src/CenyML_Library/cpuSequential/machineLearning/CenyMLclassification.c: In function 'predictKernelMachineClassification':
../Core/Src/CenyML_Library/cpuSequential/machineLearning/CenyMLclassification.c:2475:8: warning: variable 'currentRowAndColumn2' set but not used [-Wunused-but-set-variable]
 2475 |    int currentRowAndColumn2; // This variable is used to store a repetitive mathematical operations in some for-loops, for performance purposes.
      |        ^~~~~~~~~~~~~~~~~~~~
../Core/Src/CenyML_Library/cpuSequential/machineLearning/CenyMLclassification.c:2555:8: warning: variable 'currentRowAndColumn2' set but not used [-Wunused-but-set-variable]
 2555 |    int currentRowAndColumn2; // This variable is used to store a repetitive mathematical operations in some for-loops, for performance purposes.
      |        ^~~~~~~~~~~~~~~~~~~~
In file included from ../Core/Src/main.c:25:
../Core/Src/CenyML_Library/cpuSequential/machineLearning/CenyMLclassification.h:29:13: warning: 'trainLinearKernel' declared 'static' but never defined [-Wunused-function]
   29 | static void trainLinearKernel(double *, double *, int, int, int, char, double *);
      |             ^~~~~~~~~~~~~~~~~
../Core/Src/CenyML_Library/cpuSequential/machineLearning/CenyMLclassification.h:30:13: warning: 'trainPolynomialKernel' declared 'static' but never defined [-Wunused-function]
   30 | static void trainPolynomialKernel(double *, double *, int, int, int, int, char, char, double *);
      |             ^~~~~~~~~~~~~~~~~~~~~
../Core/Src/CenyML_Library/cpuSequential/machineLearning/CenyMLclassification.h:31:13: warning: 'trainLogisticKernel' declared 'static' but never defined [-Wunused-function]
   31 | static void trainLogisticKernel(double *, double *, int, int, int, char, double *);
      |             ^~~~~~~~~~~~~~~~~~~
../Core/Src/CenyML_Library/cpuSequential/machineLearning/CenyMLclassification.h:32:13: warning: 'trainGaussianKernel' declared 'static' but never defined [-Wunused-function]
   32 | static void trainGaussianKernel(double *, double *, int, int, int, double, char, char, double *);
      |             ^~~~~~~~~~~~~~~~~~~
arm-none-eabi-gcc -o "Project.elf" @"objects.list"   -mcpu=cortex-m4 -T"/home/mortrack/Desktop/GitHub/CenyML/STM32F446RE_Examples/KernelMachineClassification/main_gaussianKernel/Project/STM32F446RETX_FLASH.ld" --specs=nosys.specs -Wl,-Map="Project.map" -Wl,--gc-sections -static --specs=nano.specs -mfpu=fpv4-sp-d16 -mfloat-abi=hard -mthumb -u _printf_float -Wl,--start-group -lc -lm -Wl,--end-group
Finished building target: Project.elf
 
arm-none-eabi-size   Project.elf 
arm-none-eabi-objdump -h -S  Project.elf  > "Project.list"
arm-none-eabi-objcopy  -O binary  Project.elf  "Project.bin"
   text	   data	    bss	    dec	    hex	filename
  26652	    484	   1628	  28764	   705c	Project.elf
Finished building: default.size.stdout
 
Finished building: Project.bin
 
Finished building: Project.list
 
20:06:35 **** Incremental Build of configuration Debug for project Project ****
make -j88 all 
arm-none-eabi-gcc "../Core/Src/main.c" -mcpu=cortex-m4 -std=gnu11 -g3 -DDEBUG -DUSE_HAL_DRIVER -DSTM32F446xx -c -I../Core/Inc -I../Drivers/STM32F4xx_HAL_Driver/Inc -I../Drivers/STM32F4xx_HAL_Driver/Inc/Legacy -I../Drivers/CMSIS/Device/ST/STM32F4xx/Include -I../Drivers/CMSIS/Include -O3 -ffunction-sections -fdata-sections -Wall -fstack-usage -MMD -MP -MF"Core/Src/main.d" -MT"Core/Src/main.o" --specs=nano.specs -mfpu=fpv4-sp-d16 -mfloat-abi=hard -mthumb -o "Core/Src/main.o"
In file included from ../Core/Src/main.c:25:
../Core/Src/CenyML_Library/cpuSequential/machineLearning/CenyMLclassification.h:29:13: warning: 'trainLinearKernel' declared 'static' but never defined [-Wunused-function]
   29 | static void trainLinearKernel(double *, double *, int, int, int, char, double *);
      |             ^~~~~~~~~~~~~~~~~
../Core/Src/CenyML_Library/cpuSequential/machineLearning/CenyMLclassification.h:30:13: warning: 'trainPolynomialKernel' declared 'static' but never defined [-Wunused-function]
   30 | static void trainPolynomialKernel(double *, double *, int, int, int, int, char, char, double *);
      |             ^~~~~~~~~~~~~~~~~~~~~
../Core/Src/CenyML_Library/cpuSequential/machineLearning/CenyMLclassification.h:31:13: warning: 'trainLogisticKernel' declared 'static' but never defined [-Wunused-function]
   31 | static void trainLogisticKernel(double *, double *, int, int, int, char, double *);
      |             ^~~~~~~~~~~~~~~~~~~
../Core/Src/CenyML_Library/cpuSequential/machineLearning/CenyMLclassification.h:32:13: warning: 'trainGaussianKernel' declared 'static' but never defined [-Wunused-function]
   32 | static void trainGaussianKernel(double *, double *, int, int, int, double, char, char, double *);
      |             ^~~~~~~~~~~~~~~~~~~
arm-none-eabi-gcc -o "Project.elf" @"objects.list"   -mcpu=cortex-m4 -T"/home/mortrack/Desktop/GitHub/CenyML/STM32F446RE_Examples/KernelMachineClassification/main_gaussianKernel/Project/STM32F446RETX_FLASH.ld" --specs=nosys.specs -Wl,-Map="Project.map" -Wl,--gc-sections -static --specs=nano.specs -mfpu=fpv4-sp-d16 -mfloat-abi=hard -mthumb -u _printf_float -Wl,--start-group -lc -lm -Wl,--end-group
Finished building target: Project.elf
 
arm-none-eabi-size   Project.elf 
arm-none-eabi-objdump -h -S  Project.elf  > "Project.list"
arm-none-eabi-objcopy  -O binary  Project.elf  "Project.bin"
   text	   data	    bss	    dec	    hex	filename
  34340	    488	   1632	  36460	   8e6c	Project.elf
Finished building: default.size.stdout
 
Finished building: Project.bin
 
Finished building: Project.list
 
20:06:38 **** Incremental Build of configuration Debug for project Project ****
make -j88 all 
arm-none-eabi-size   Project.elf 
   text	   data	    bss	    dec	    hex	filename
  34340	    488	   1632	  36460	   8e6c	Project.elf
Finished building: default.size.stdout
 
20:06:42 **** Incremental Build of configuration Debug for project Project ****
make -j88 all 
arm-none-eabi-size   Project.elf 
   text	   data	    bss	    dec	    hex	filename
  34340	    488	   1632	  36460	   8e6c	Project.elf
Finished building: default.size.stdout
 
20:07:38 **** Incremental Build of configuration Debug for project Project ****
make -j88 all 
arm-none-eabi-gcc "../Core/Src/main.c" -mcpu=cortex-m4 -std=gnu11 -g3 -DDEBUG -DUSE_HAL_DRIVER -DSTM32F446xx -c -I../Core/Inc -I../Drivers/STM32F4xx_HAL_Driver/Inc -I../Drivers/STM32F4xx_HAL_Driver/Inc/Legacy -I../Drivers/CMSIS/Device/ST/STM32F4xx/Include -I../Drivers/CMSIS/Include -O3 -ffunction-sections -fdata-sections -Wall -fstack-usage -MMD -MP -MF"Core/Src/main.d" -MT"Core/Src/main.o" --specs=nano.specs -mfpu=fpv4-sp-d16 -mfloat-abi=hard -mthumb -o "Core/Src/main.o"
In file included from ../Core/Src/main.c:25:
../Core/Src/CenyML_Library/cpuSequential/machineLearning/CenyMLclassification.h:29:13: warning: 'trainLinearKernel' declared 'static' but never defined [-Wunused-function]
   29 | static void trainLinearKernel(double *, double *, int, int, int, char, double *);
      |             ^~~~~~~~~~~~~~~~~
../Core/Src/CenyML_Library/cpuSequential/machineLearning/CenyMLclassification.h:30:13: warning: 'trainPolynomialKernel' declared 'static' but never defined [-Wunused-function]
   30 | static void trainPolynomialKernel(double *, double *, int, int, int, int, char, char, double *);
      |             ^~~~~~~~~~~~~~~~~~~~~
../Core/Src/CenyML_Library/cpuSequential/machineLearning/CenyMLclassification.h:31:13: warning: 'trainLogisticKernel' declared 'static' but never defined [-Wunused-function]
   31 | static void trainLogisticKernel(double *, double *, int, int, int, char, double *);
      |             ^~~~~~~~~~~~~~~~~~~
../Core/Src/CenyML_Library/cpuSequential/machineLearning/CenyMLclassification.h:32:13: warning: 'trainGaussianKernel' declared 'static' but never defined [-Wunused-function]
   32 | static void trainGaussianKernel(double *, double *, int, int, int, double, char, char, double *);
      |             ^~~~~~~~~~~~~~~~~~~
arm-none-eabi-gcc -o "Project.elf" @"objects.list"   -mcpu=cortex-m4 -T"/home/mortrack/Desktop/GitHub/CenyML/STM32F446RE_Examples/KernelMachineClassification/main_gaussianKernel/Project/STM32F446RETX_FLASH.ld" --specs=nosys.specs -Wl,-Map="Project.map" -Wl,--gc-sections -static --specs=nano.specs -mfpu=fpv4-sp-d16 -mfloat-abi=hard -mthumb -u _printf_float -Wl,--start-group -lc -lm -Wl,--end-group
Finished building target: Project.elf
 
arm-none-eabi-size   Project.elf 
arm-none-eabi-objdump -h -S  Project.elf  > "Project.list"
arm-none-eabi-objcopy  -O binary  Project.elf  "Project.bin"
   text	   data	    bss	    dec	    hex	filename
  34340	    488	   1632	  36460	   8e6c	Project.elf
Finished building: default.size.stdout
 
Finished building: Project.bin
 
Finished building: Project.list
 
20:07:41 **** Incremental Build of configuration Debug for project Project ****
make -j88 all 
arm-none-eabi-size   Project.elf 
   text	   data	    bss	    dec	    hex	filename
  34340	    488	   1632	  36460	   8e6c	Project.elf
Finished building: default.size.stdout
 
20:08:12 **** Incremental Build of configuration Debug for project Project ****
make -j88 all 
arm-none-eabi-size   Project.elf 
   text	   data	    bss	    dec	    hex	filename
  34340	    488	   1632	  36460	   8e6c	Project.elf
Finished building: default.size.stdout
 
20:08:17 **** Incremental Build of configuration Debug for project Project ****
make -j88 all 
arm-none-eabi-size   Project.elf 
   text	   data	    bss	    dec	    hex	filename
  34340	    488	   1632	  36460	   8e6c	Project.elf
Finished building: default.size.stdout
 
20:08:41 **** Incremental Build of configuration Debug for project Project ****
make -j88 all 
arm-none-eabi-gcc "../Core/Src/main.c" -mcpu=cortex-m4 -std=gnu11 -g3 -DDEBUG -DUSE_HAL_DRIVER -DSTM32F446xx -c -I../Core/Inc -I../Drivers/STM32F4xx_HAL_Driver/Inc -I../Drivers/STM32F4xx_HAL_Driver/Inc/Legacy -I../Drivers/CMSIS/Device/ST/STM32F4xx/Include -I../Drivers/CMSIS/Include -O3 -ffunction-sections -fdata-sections -Wall -fstack-usage -MMD -MP -MF"Core/Src/main.d" -MT"Core/Src/main.o" --specs=nano.specs -mfpu=fpv4-sp-d16 -mfloat-abi=hard -mthumb -o "Core/Src/main.o"
In file included from ../Core/Src/main.c:25:
../Core/Src/CenyML_Library/cpuSequential/machineLearning/CenyMLclassification.h:29:13: warning: 'trainLinearKernel' declared 'static' but never defined [-Wunused-function]
   29 | static void trainLinearKernel(double *, double *, int, int, int, char, double *);
      |             ^~~~~~~~~~~~~~~~~
../Core/Src/CenyML_Library/cpuSequential/machineLearning/CenyMLclassification.h:30:13: warning: 'trainPolynomialKernel' declared 'static' but never defined [-Wunused-function]
   30 | static void trainPolynomialKernel(double *, double *, int, int, int, int, char, char, double *);
      |             ^~~~~~~~~~~~~~~~~~~~~
../Core/Src/CenyML_Library/cpuSequential/machineLearning/CenyMLclassification.h:31:13: warning: 'trainLogisticKernel' declared 'static' but never defined [-Wunused-function]
   31 | static void trainLogisticKernel(double *, double *, int, int, int, char, double *);
      |             ^~~~~~~~~~~~~~~~~~~
../Core/Src/CenyML_Library/cpuSequential/machineLearning/CenyMLclassification.h:32:13: warning: 'trainGaussianKernel' declared 'static' but never defined [-Wunused-function]
   32 | static void trainGaussianKernel(double *, double *, int, int, int, double, char, char, double *);
      |             ^~~~~~~~~~~~~~~~~~~
arm-none-eabi-gcc -o "Project.elf" @"objects.list"   -mcpu=cortex-m4 -T"/home/mortrack/Desktop/GitHub/CenyML/STM32F446RE_Examples/KernelMachineClassification/main_gaussianKernel/Project/STM32F446RETX_FLASH.ld" --specs=nosys.specs -Wl,-Map="Project.map" -Wl,--gc-sections -static --specs=nano.specs -mfpu=fpv4-sp-d16 -mfloat-abi=hard -mthumb -u _printf_float -Wl,--start-group -lc -lm -Wl,--end-group
Finished building target: Project.elf
 
arm-none-eabi-size   Project.elf 
arm-none-eabi-objdump -h -S  Project.elf  > "Project.list"
arm-none-eabi-objcopy  -O binary  Project.elf  "Project.bin"
   text	   data	    bss	    dec	    hex	filename
  34324	    488	   1632	  36444	   8e5c	Project.elf
Finished building: default.size.stdout
 
Finished building: Project.bin
 
Finished building: Project.list
 
20:08:44 **** Incremental Build of configuration Debug for project Project ****
make -j88 all 
arm-none-eabi-size   Project.elf 
   text	   data	    bss	    dec	    hex	filename
  34324	    488	   1632	  36444	   8e5c	Project.elf
Finished building: default.size.stdout
 
20:09:35 **** Incremental Build of configuration Debug for project Project ****
make -j88 all 
arm-none-eabi-gcc "../Core/Src/main.c" -mcpu=cortex-m4 -std=gnu11 -g3 -DDEBUG -DUSE_HAL_DRIVER -DSTM32F446xx -c -I../Core/Inc -I../Drivers/STM32F4xx_HAL_Driver/Inc -I../Drivers/STM32F4xx_HAL_Driver/Inc/Legacy -I../Drivers/CMSIS/Device/ST/STM32F4xx/Include -I../Drivers/CMSIS/Include -O3 -ffunction-sections -fdata-sections -Wall -fstack-usage -MMD -MP -MF"Core/Src/main.d" -MT"Core/Src/main.o" --specs=nano.specs -mfpu=fpv4-sp-d16 -mfloat-abi=hard -mthumb -o "Core/Src/main.o"
In file included from ../Core/Src/main.c:25:
../Core/Src/CenyML_Library/cpuSequential/machineLearning/CenyMLclassification.h:29:13: warning: 'trainLinearKernel' declared 'static' but never defined [-Wunused-function]
   29 | static void trainLinearKernel(double *, double *, int, int, int, char, double *);
      |             ^~~~~~~~~~~~~~~~~
../Core/Src/CenyML_Library/cpuSequential/machineLearning/CenyMLclassification.h:30:13: warning: 'trainPolynomialKernel' declared 'static' but never defined [-Wunused-function]
   30 | static void trainPolynomialKernel(double *, double *, int, int, int, int, char, char, double *);
      |             ^~~~~~~~~~~~~~~~~~~~~
../Core/Src/CenyML_Library/cpuSequential/machineLearning/CenyMLclassification.h:31:13: warning: 'trainLogisticKernel' declared 'static' but never defined [-Wunused-function]
   31 | static void trainLogisticKernel(double *, double *, int, int, int, char, double *);
      |             ^~~~~~~~~~~~~~~~~~~
../Core/Src/CenyML_Library/cpuSequential/machineLearning/CenyMLclassification.h:32:13: warning: 'trainGaussianKernel' declared 'static' but never defined [-Wunused-function]
   32 | static void trainGaussianKernel(double *, double *, int, int, int, double, char, char, double *);
      |             ^~~~~~~~~~~~~~~~~~~
arm-none-eabi-gcc -o "Project.elf" @"objects.list"   -mcpu=cortex-m4 -T"/home/mortrack/Desktop/GitHub/CenyML/STM32F446RE_Examples/KernelMachineClassification/main_gaussianKernel/Project/STM32F446RETX_FLASH.ld" --specs=nosys.specs -Wl,-Map="Project.map" -Wl,--gc-sections -static --specs=nano.specs -mfpu=fpv4-sp-d16 -mfloat-abi=hard -mthumb -u _printf_float -Wl,--start-group -lc -lm -Wl,--end-group
Finished building target: Project.elf
 
arm-none-eabi-size   Project.elf 
arm-none-eabi-objdump -h -S  Project.elf  > "Project.list"
arm-none-eabi-objcopy  -O binary  Project.elf  "Project.bin"
   text	   data	    bss	    dec	    hex	filename
  34332	    488	   1632	  36452	   8e64	Project.elf
Finished building: default.size.stdout
 
Finished building: Project.bin
 
Finished building: Project.list
 
20:09:38 **** Incremental Build of configuration Debug for project Project ****
make -j88 all 
arm-none-eabi-size   Project.elf 
   text	   data	    bss	    dec	    hex	filename
  34332	    488	   1632	  36452	   8e64	Project.elf
Finished building: default.size.stdout
 
20:10:47 **** Incremental Build of configuration Debug for project Project ****
make -j88 all 
arm-none-eabi-gcc "../Core/Src/main.c" -mcpu=cortex-m4 -std=gnu11 -g3 -DDEBUG -DUSE_HAL_DRIVER -DSTM32F446xx -c -I../Core/Inc -I../Drivers/STM32F4xx_HAL_Driver/Inc -I../Drivers/STM32F4xx_HAL_Driver/Inc/Legacy -I../Drivers/CMSIS/Device/ST/STM32F4xx/Include -I../Drivers/CMSIS/Include -O3 -ffunction-sections -fdata-sections -Wall -fstack-usage -MMD -MP -MF"Core/Src/main.d" -MT"Core/Src/main.o" --specs=nano.specs -mfpu=fpv4-sp-d16 -mfloat-abi=hard -mthumb -o "Core/Src/main.o"
In file included from ../Core/Src/main.c:25:
../Core/Src/CenyML_Library/cpuSequential/machineLearning/CenyMLclassification.h:29:13: warning: 'trainLinearKernel' declared 'static' but never defined [-Wunused-function]
   29 | static void trainLinearKernel(double *, double *, int, int, int, char, double *);
      |             ^~~~~~~~~~~~~~~~~
../Core/Src/CenyML_Library/cpuSequential/machineLearning/CenyMLclassification.h:30:13: warning: 'trainPolynomialKernel' declared 'static' but never defined [-Wunused-function]
   30 | static void trainPolynomialKernel(double *, double *, int, int, int, int, char, char, double *);
      |             ^~~~~~~~~~~~~~~~~~~~~
../Core/Src/CenyML_Library/cpuSequential/machineLearning/CenyMLclassification.h:31:13: warning: 'trainLogisticKernel' declared 'static' but never defined [-Wunused-function]
   31 | static void trainLogisticKernel(double *, double *, int, int, int, char, double *);
      |             ^~~~~~~~~~~~~~~~~~~
../Core/Src/CenyML_Library/cpuSequential/machineLearning/CenyMLclassification.h:32:13: warning: 'trainGaussianKernel' declared 'static' but never defined [-Wunused-function]
   32 | static void trainGaussianKernel(double *, double *, int, int, int, double, char, char, double *);
      |             ^~~~~~~~~~~~~~~~~~~
arm-none-eabi-gcc -o "Project.elf" @"objects.list"   -mcpu=cortex-m4 -T"/home/mortrack/Desktop/GitHub/CenyML/STM32F446RE_Examples/KernelMachineClassification/main_gaussianKernel/Project/STM32F446RETX_FLASH.ld" --specs=nosys.specs -Wl,-Map="Project.map" -Wl,--gc-sections -static --specs=nano.specs -mfpu=fpv4-sp-d16 -mfloat-abi=hard -mthumb -u _printf_float -Wl,--start-group -lc -lm -Wl,--end-group
Finished building target: Project.elf
 
arm-none-eabi-size   Project.elf 
arm-none-eabi-objdump -h -S  Project.elf  > "Project.list"
arm-none-eabi-objcopy  -O binary  Project.elf  "Project.bin"
   text	   data	    bss	    dec	    hex	filename
  34332	    488	   1632	  36452	   8e64	Project.elf
Finished building: default.size.stdout
 
Finished building: Project.bin
 
Finished building: Project.list
 
20:10:52 **** Incremental Build of configuration Debug for project Project ****
make -j88 all 
arm-none-eabi-size   Project.elf 
   text	   data	    bss	    dec	    hex	filename
  34332	    488	   1632	  36452	   8e64	Project.elf
Finished building: default.size.stdout
 
20:11:25 **** Incremental Build of configuration Debug for project Project ****
make -j88 all 
arm-none-eabi-gcc "../Core/Src/main.c" -mcpu=cortex-m4 -std=gnu11 -g3 -DDEBUG -DUSE_HAL_DRIVER -DSTM32F446xx -c -I../Core/Inc -I../Drivers/STM32F4xx_HAL_Driver/Inc -I../Drivers/STM32F4xx_HAL_Driver/Inc/Legacy -I../Drivers/CMSIS/Device/ST/STM32F4xx/Include -I../Drivers/CMSIS/Include -O3 -ffunction-sections -fdata-sections -Wall -fstack-usage -MMD -MP -MF"Core/Src/main.d" -MT"Core/Src/main.o" --specs=nano.specs -mfpu=fpv4-sp-d16 -mfloat-abi=hard -mthumb -o "Core/Src/main.o"
In file included from ../Core/Src/main.c:25:
../Core/Src/CenyML_Library/cpuSequential/machineLearning/CenyMLclassification.h:29:13: warning: 'trainLinearKernel' declared 'static' but never defined [-Wunused-function]
   29 | static void trainLinearKernel(double *, double *, int, int, int, char, double *);
      |             ^~~~~~~~~~~~~~~~~
../Core/Src/CenyML_Library/cpuSequential/machineLearning/CenyMLclassification.h:30:13: warning: 'trainPolynomialKernel' declared 'static' but never defined [-Wunused-function]
   30 | static void trainPolynomialKernel(double *, double *, int, int, int, int, char, char, double *);
      |             ^~~~~~~~~~~~~~~~~~~~~
../Core/Src/CenyML_Library/cpuSequential/machineLearning/CenyMLclassification.h:31:13: warning: 'trainLogisticKernel' declared 'static' but never defined [-Wunused-function]
   31 | static void trainLogisticKernel(double *, double *, int, int, int, char, double *);
      |             ^~~~~~~~~~~~~~~~~~~
../Core/Src/CenyML_Library/cpuSequential/machineLearning/CenyMLclassification.h:32:13: warning: 'trainGaussianKernel' declared 'static' but never defined [-Wunused-function]
   32 | static void trainGaussianKernel(double *, double *, int, int, int, double, char, char, double *);
      |             ^~~~~~~~~~~~~~~~~~~
arm-none-eabi-gcc -o "Project.elf" @"objects.list"   -mcpu=cortex-m4 -T"/home/mortrack/Desktop/GitHub/CenyML/STM32F446RE_Examples/KernelMachineClassification/main_gaussianKernel/Project/STM32F446RETX_FLASH.ld" --specs=nosys.specs -Wl,-Map="Project.map" -Wl,--gc-sections -static --specs=nano.specs -mfpu=fpv4-sp-d16 -mfloat-abi=hard -mthumb -u _printf_float -Wl,--start-group -lc -lm -Wl,--end-group
Finished building target: Project.elf
 
arm-none-eabi-size   Project.elf 
arm-none-eabi-objdump -h -S  Project.elf  > "Project.list"
arm-none-eabi-objcopy  -O binary  Project.elf  "Project.bin"
   text	   data	    bss	    dec	    hex	filename
  34332	    488	   1632	  36452	   8e64	Project.elf
Finished building: default.size.stdout
 
Finished building: Project.bin
 
Finished building: Project.list
 
20:11:29 **** Incremental Build of configuration Debug for project Project ****
make -j88 all 
arm-none-eabi-size   Project.elf 
   text	   data	    bss	    dec	    hex	filename
  34332	    488	   1632	  36452	   8e64	Project.elf
Finished building: default.size.stdout
 
20:11:49 **** Incremental Build of configuration Debug for project Project ****
make -j88 all 
arm-none-eabi-gcc "../Core/Src/main.c" -mcpu=cortex-m4 -std=gnu11 -g3 -DDEBUG -DUSE_HAL_DRIVER -DSTM32F446xx -c -I../Core/Inc -I../Drivers/STM32F4xx_HAL_Driver/Inc -I../Drivers/STM32F4xx_HAL_Driver/Inc/Legacy -I../Drivers/CMSIS/Device/ST/STM32F4xx/Include -I../Drivers/CMSIS/Include -O3 -ffunction-sections -fdata-sections -Wall -fstack-usage -MMD -MP -MF"Core/Src/main.d" -MT"Core/Src/main.o" --specs=nano.specs -mfpu=fpv4-sp-d16 -mfloat-abi=hard -mthumb -o "Core/Src/main.o"
In file included from ../Core/Src/main.c:25:
../Core/Src/CenyML_Library/cpuSequential/machineLearning/CenyMLclassification.h:29:13: warning: 'trainLinearKernel' declared 'static' but never defined [-Wunused-function]
   29 | static void trainLinearKernel(double *, double *, int, int, int, char, double *);
      |             ^~~~~~~~~~~~~~~~~
../Core/Src/CenyML_Library/cpuSequential/machineLearning/CenyMLclassification.h:30:13: warning: 'trainPolynomialKernel' declared 'static' but never defined [-Wunused-function]
   30 | static void trainPolynomialKernel(double *, double *, int, int, int, int, char, char, double *);
      |             ^~~~~~~~~~~~~~~~~~~~~
../Core/Src/CenyML_Library/cpuSequential/machineLearning/CenyMLclassification.h:31:13: warning: 'trainLogisticKernel' declared 'static' but never defined [-Wunused-function]
   31 | static void trainLogisticKernel(double *, double *, int, int, int, char, double *);
      |             ^~~~~~~~~~~~~~~~~~~
../Core/Src/CenyML_Library/cpuSequential/machineLearning/CenyMLclassification.h:32:13: warning: 'trainGaussianKernel' declared 'static' but never defined [-Wunused-function]
   32 | static void trainGaussianKernel(double *, double *, int, int, int, double, char, char, double *);
      |             ^~~~~~~~~~~~~~~~~~~
arm-none-eabi-gcc -o "Project.elf" @"objects.list"   -mcpu=cortex-m4 -T"/home/mortrack/Desktop/GitHub/CenyML/STM32F446RE_Examples/KernelMachineClassification/main_gaussianKernel/Project/STM32F446RETX_FLASH.ld" --specs=nosys.specs -Wl,-Map="Project.map" -Wl,--gc-sections -static --specs=nano.specs -mfpu=fpv4-sp-d16 -mfloat-abi=hard -mthumb -u _printf_float -Wl,--start-group -lc -lm -Wl,--end-group
Finished building target: Project.elf
 
arm-none-eabi-size   Project.elf 
arm-none-eabi-objdump -h -S  Project.elf  > "Project.list"
arm-none-eabi-objcopy  -O binary  Project.elf  "Project.bin"
   text	   data	    bss	    dec	    hex	filename
  34332	    488	   1632	  36452	   8e64	Project.elf
Finished building: default.size.stdout
 
Finished building: Project.bin
 
Finished building: Project.list
 
20:11:53 **** Incremental Build of configuration Debug for project Project ****
make -j88 all 
arm-none-eabi-size   Project.elf 
   text	   data	    bss	    dec	    hex	filename
  34332	    488	   1632	  36452	   8e64	Project.elf
Finished building: default.size.stdout
 
20:12:13 **** Incremental Build of configuration Debug for project Project ****
make -j88 all 
arm-none-eabi-gcc "../Core/Src/main.c" -mcpu=cortex-m4 -std=gnu11 -g3 -DDEBUG -DUSE_HAL_DRIVER -DSTM32F446xx -c -I../Core/Inc -I../Drivers/STM32F4xx_HAL_Driver/Inc -I../Drivers/STM32F4xx_HAL_Driver/Inc/Legacy -I../Drivers/CMSIS/Device/ST/STM32F4xx/Include -I../Drivers/CMSIS/Include -O3 -ffunction-sections -fdata-sections -Wall -fstack-usage -MMD -MP -MF"Core/Src/main.d" -MT"Core/Src/main.o" --specs=nano.specs -mfpu=fpv4-sp-d16 -mfloat-abi=hard -mthumb -o "Core/Src/main.o"
In file included from ../Core/Src/main.c:25:
../Core/Src/CenyML_Library/cpuSequential/machineLearning/CenyMLclassification.h:29:13: warning: 'trainLinearKernel' declared 'static' but never defined [-Wunused-function]
   29 | static void trainLinearKernel(double *, double *, int, int, int, char, double *);
      |             ^~~~~~~~~~~~~~~~~
../Core/Src/CenyML_Library/cpuSequential/machineLearning/CenyMLclassification.h:30:13: warning: 'trainPolynomialKernel' declared 'static' but never defined [-Wunused-function]
   30 | static void trainPolynomialKernel(double *, double *, int, int, int, int, char, char, double *);
      |             ^~~~~~~~~~~~~~~~~~~~~
../Core/Src/CenyML_Library/cpuSequential/machineLearning/CenyMLclassification.h:31:13: warning: 'trainLogisticKernel' declared 'static' but never defined [-Wunused-function]
   31 | static void trainLogisticKernel(double *, double *, int, int, int, char, double *);
      |             ^~~~~~~~~~~~~~~~~~~
../Core/Src/CenyML_Library/cpuSequential/machineLearning/CenyMLclassification.h:32:13: warning: 'trainGaussianKernel' declared 'static' but never defined [-Wunused-function]
   32 | static void trainGaussianKernel(double *, double *, int, int, int, double, char, char, double *);
      |             ^~~~~~~~~~~~~~~~~~~
arm-none-eabi-gcc -o "Project.elf" @"objects.list"   -mcpu=cortex-m4 -T"/home/mortrack/Desktop/GitHub/CenyML/STM32F446RE_Examples/KernelMachineClassification/main_gaussianKernel/Project/STM32F446RETX_FLASH.ld" --specs=nosys.specs -Wl,-Map="Project.map" -Wl,--gc-sections -static --specs=nano.specs -mfpu=fpv4-sp-d16 -mfloat-abi=hard -mthumb -u _printf_float -Wl,--start-group -lc -lm -Wl,--end-group
Finished building target: Project.elf
 
arm-none-eabi-size   Project.elf 
arm-none-eabi-objdump -h -S  Project.elf  > "Project.list"
arm-none-eabi-objcopy  -O binary  Project.elf  "Project.bin"
   text	   data	    bss	    dec	    hex	filename
  34332	    488	   1632	  36452	   8e64	Project.elf
Finished building: default.size.stdout
 
Finished building: Project.bin
 
Finished building: Project.list
 
20:12:15 **** Incremental Build of configuration Debug for project Project ****
make -j88 all 
arm-none-eabi-size   Project.elf 
   text	   data	    bss	    dec	    hex	filename
  34332	    488	   1632	  36452	   8e64	Project.elf
Finished building: default.size.stdout
 
20:12:33 **** Incremental Build of configuration Debug for project Project ****
make -j88 all 
arm-none-eabi-gcc "../Core/Src/main.c" -mcpu=cortex-m4 -std=gnu11 -g3 -DDEBUG -DUSE_HAL_DRIVER -DSTM32F446xx -c -I../Core/Inc -I../Drivers/STM32F4xx_HAL_Driver/Inc -I../Drivers/STM32F4xx_HAL_Driver/Inc/Legacy -I../Drivers/CMSIS/Device/ST/STM32F4xx/Include -I../Drivers/CMSIS/Include -O3 -ffunction-sections -fdata-sections -Wall -fstack-usage -MMD -MP -MF"Core/Src/main.d" -MT"Core/Src/main.o" --specs=nano.specs -mfpu=fpv4-sp-d16 -mfloat-abi=hard -mthumb -o "Core/Src/main.o"
In file included from ../Core/Src/main.c:25:
../Core/Src/CenyML_Library/cpuSequential/machineLearning/CenyMLclassification.h:29:13: warning: 'trainLinearKernel' declared 'static' but never defined [-Wunused-function]
   29 | static void trainLinearKernel(double *, double *, int, int, int, char, double *);
      |             ^~~~~~~~~~~~~~~~~
../Core/Src/CenyML_Library/cpuSequential/machineLearning/CenyMLclassification.h:30:13: warning: 'trainPolynomialKernel' declared 'static' but never defined [-Wunused-function]
   30 | static void trainPolynomialKernel(double *, double *, int, int, int, int, char, char, double *);
      |             ^~~~~~~~~~~~~~~~~~~~~
../Core/Src/CenyML_Library/cpuSequential/machineLearning/CenyMLclassification.h:31:13: warning: 'trainLogisticKernel' declared 'static' but never defined [-Wunused-function]
   31 | static void trainLogisticKernel(double *, double *, int, int, int, char, double *);
      |             ^~~~~~~~~~~~~~~~~~~
../Core/Src/CenyML_Library/cpuSequential/machineLearning/CenyMLclassification.h:32:13: warning: 'trainGaussianKernel' declared 'static' but never defined [-Wunused-function]
   32 | static void trainGaussianKernel(double *, double *, int, int, int, double, char, char, double *);
      |             ^~~~~~~~~~~~~~~~~~~
arm-none-eabi-gcc -o "Project.elf" @"objects.list"   -mcpu=cortex-m4 -T"/home/mortrack/Desktop/GitHub/CenyML/STM32F446RE_Examples/KernelMachineClassification/main_gaussianKernel/Project/STM32F446RETX_FLASH.ld" --specs=nosys.specs -Wl,-Map="Project.map" -Wl,--gc-sections -static --specs=nano.specs -mfpu=fpv4-sp-d16 -mfloat-abi=hard -mthumb -u _printf_float -Wl,--start-group -lc -lm -Wl,--end-group
Finished building target: Project.elf
 
arm-none-eabi-size   Project.elf 
arm-none-eabi-objdump -h -S  Project.elf  > "Project.list"
arm-none-eabi-objcopy  -O binary  Project.elf  "Project.bin"
   text	   data	    bss	    dec	    hex	filename
  34332	    488	   1632	  36452	   8e64	Project.elf
Finished building: default.size.stdout
 
Finished building: Project.bin
 
Finished building: Project.list
 
20:12:37 **** Incremental Build of configuration Debug for project Project ****
make -j88 all 
arm-none-eabi-size   Project.elf 
   text	   data	    bss	    dec	    hex	filename
  34332	    488	   1632	  36452	   8e64	Project.elf
Finished building: default.size.stdout
 
20:12:57 **** Incremental Build of configuration Debug for project Project ****
make -j88 all 
arm-none-eabi-gcc "../Core/Src/main.c" -mcpu=cortex-m4 -std=gnu11 -g3 -DDEBUG -DUSE_HAL_DRIVER -DSTM32F446xx -c -I../Core/Inc -I../Drivers/STM32F4xx_HAL_Driver/Inc -I../Drivers/STM32F4xx_HAL_Driver/Inc/Legacy -I../Drivers/CMSIS/Device/ST/STM32F4xx/Include -I../Drivers/CMSIS/Include -O3 -ffunction-sections -fdata-sections -Wall -fstack-usage -MMD -MP -MF"Core/Src/main.d" -MT"Core/Src/main.o" --specs=nano.specs -mfpu=fpv4-sp-d16 -mfloat-abi=hard -mthumb -o "Core/Src/main.o"
In file included from ../Core/Src/main.c:25:
../Core/Src/CenyML_Library/cpuSequential/machineLearning/CenyMLclassification.h:29:13: warning: 'trainLinearKernel' declared 'static' but never defined [-Wunused-function]
   29 | static void trainLinearKernel(double *, double *, int, int, int, char, double *);
      |             ^~~~~~~~~~~~~~~~~
../Core/Src/CenyML_Library/cpuSequential/machineLearning/CenyMLclassification.h:30:13: warning: 'trainPolynomialKernel' declared 'static' but never defined [-Wunused-function]
   30 | static void trainPolynomialKernel(double *, double *, int, int, int, int, char, char, double *);
      |             ^~~~~~~~~~~~~~~~~~~~~
../Core/Src/CenyML_Library/cpuSequential/machineLearning/CenyMLclassification.h:31:13: warning: 'trainLogisticKernel' declared 'static' but never defined [-Wunused-function]
   31 | static void trainLogisticKernel(double *, double *, int, int, int, char, double *);
      |             ^~~~~~~~~~~~~~~~~~~
../Core/Src/CenyML_Library/cpuSequential/machineLearning/CenyMLclassification.h:32:13: warning: 'trainGaussianKernel' declared 'static' but never defined [-Wunused-function]
   32 | static void trainGaussianKernel(double *, double *, int, int, int, double, char, char, double *);
      |             ^~~~~~~~~~~~~~~~~~~
arm-none-eabi-gcc -o "Project.elf" @"objects.list"   -mcpu=cortex-m4 -T"/home/mortrack/Desktop/GitHub/CenyML/STM32F446RE_Examples/KernelMachineClassification/main_gaussianKernel/Project/STM32F446RETX_FLASH.ld" --specs=nosys.specs -Wl,-Map="Project.map" -Wl,--gc-sections -static --specs=nano.specs -mfpu=fpv4-sp-d16 -mfloat-abi=hard -mthumb -u _printf_float -Wl,--start-group -lc -lm -Wl,--end-group
Finished building target: Project.elf
 
arm-none-eabi-size   Project.elf 
arm-none-eabi-objdump -h -S  Project.elf  > "Project.list"
arm-none-eabi-objcopy  -O binary  Project.elf  "Project.bin"
   text	   data	    bss	    dec	    hex	filename
  34332	    488	   1632	  36452	   8e64	Project.elf
Finished building: default.size.stdout
 
Finished building: Project.bin
 
Finished building: Project.list
 
20:13:00 **** Incremental Build of configuration Debug for project Project ****
make -j88 all 
arm-none-eabi-size   Project.elf 
   text	   data	    bss	    dec	    hex	filename
  34332	    488	   1632	  36452	   8e64	Project.elf
Finished building: default.size.stdout
 
20:13:23 **** Incremental Build of configuration Debug for project Project ****
make -j88 all 
arm-none-eabi-gcc "../Core/Src/main.c" -mcpu=cortex-m4 -std=gnu11 -g3 -DDEBUG -DUSE_HAL_DRIVER -DSTM32F446xx -c -I../Core/Inc -I../Drivers/STM32F4xx_HAL_Driver/Inc -I../Drivers/STM32F4xx_HAL_Driver/Inc/Legacy -I../Drivers/CMSIS/Device/ST/STM32F4xx/Include -I../Drivers/CMSIS/Include -O3 -ffunction-sections -fdata-sections -Wall -fstack-usage -MMD -MP -MF"Core/Src/main.d" -MT"Core/Src/main.o" --specs=nano.specs -mfpu=fpv4-sp-d16 -mfloat-abi=hard -mthumb -o "Core/Src/main.o"
In file included from ../Core/Src/main.c:25:
../Core/Src/CenyML_Library/cpuSequential/machineLearning/CenyMLclassification.h:29:13: warning: 'trainLinearKernel' declared 'static' but never defined [-Wunused-function]
   29 | static void trainLinearKernel(double *, double *, int, int, int, char, double *);
      |             ^~~~~~~~~~~~~~~~~
../Core/Src/CenyML_Library/cpuSequential/machineLearning/CenyMLclassification.h:30:13: warning: 'trainPolynomialKernel' declared 'static' but never defined [-Wunused-function]
   30 | static void trainPolynomialKernel(double *, double *, int, int, int, int, char, char, double *);
      |             ^~~~~~~~~~~~~~~~~~~~~
../Core/Src/CenyML_Library/cpuSequential/machineLearning/CenyMLclassification.h:31:13: warning: 'trainLogisticKernel' declared 'static' but never defined [-Wunused-function]
   31 | static void trainLogisticKernel(double *, double *, int, int, int, char, double *);
      |             ^~~~~~~~~~~~~~~~~~~
../Core/Src/CenyML_Library/cpuSequential/machineLearning/CenyMLclassification.h:32:13: warning: 'trainGaussianKernel' declared 'static' but never defined [-Wunused-function]
   32 | static void trainGaussianKernel(double *, double *, int, int, int, double, char, char, double *);
      |             ^~~~~~~~~~~~~~~~~~~
arm-none-eabi-gcc -o "Project.elf" @"objects.list"   -mcpu=cortex-m4 -T"/home/mortrack/Desktop/GitHub/CenyML/STM32F446RE_Examples/KernelMachineClassification/main_gaussianKernel/Project/STM32F446RETX_FLASH.ld" --specs=nosys.specs -Wl,-Map="Project.map" -Wl,--gc-sections -static --specs=nano.specs -mfpu=fpv4-sp-d16 -mfloat-abi=hard -mthumb -u _printf_float -Wl,--start-group -lc -lm -Wl,--end-group
Finished building target: Project.elf
 
arm-none-eabi-size   Project.elf 
arm-none-eabi-objdump -h -S  Project.elf  > "Project.list"
arm-none-eabi-objcopy  -O binary  Project.elf  "Project.bin"
   text	   data	    bss	    dec	    hex	filename
  34332	    488	   1632	  36452	   8e64	Project.elf
Finished building: default.size.stdout
 
Finished building: Project.bin
 
Finished building: Project.list
 
20:13:28 **** Incremental Build of configuration Debug for project Project ****
make -j88 all 
arm-none-eabi-size   Project.elf 
   text	   data	    bss	    dec	    hex	filename
  34332	    488	   1632	  36452	   8e64	Project.elf
Finished building: default.size.stdout
 
20:13:50 **** Incremental Build of configuration Debug for project Project ****
make -j88 all 
arm-none-eabi-gcc "../Core/Src/main.c" -mcpu=cortex-m4 -std=gnu11 -g3 -DDEBUG -DUSE_HAL_DRIVER -DSTM32F446xx -c -I../Core/Inc -I../Drivers/STM32F4xx_HAL_Driver/Inc -I../Drivers/STM32F4xx_HAL_Driver/Inc/Legacy -I../Drivers/CMSIS/Device/ST/STM32F4xx/Include -I../Drivers/CMSIS/Include -O3 -ffunction-sections -fdata-sections -Wall -fstack-usage -MMD -MP -MF"Core/Src/main.d" -MT"Core/Src/main.o" --specs=nano.specs -mfpu=fpv4-sp-d16 -mfloat-abi=hard -mthumb -o "Core/Src/main.o"
In file included from ../Core/Src/main.c:25:
../Core/Src/CenyML_Library/cpuSequential/machineLearning/CenyMLclassification.h:29:13: warning: 'trainLinearKernel' declared 'static' but never defined [-Wunused-function]
   29 | static void trainLinearKernel(double *, double *, int, int, int, char, double *);
      |             ^~~~~~~~~~~~~~~~~
../Core/Src/CenyML_Library/cpuSequential/machineLearning/CenyMLclassification.h:30:13: warning: 'trainPolynomialKernel' declared 'static' but never defined [-Wunused-function]
   30 | static void trainPolynomialKernel(double *, double *, int, int, int, int, char, char, double *);
      |             ^~~~~~~~~~~~~~~~~~~~~
../Core/Src/CenyML_Library/cpuSequential/machineLearning/CenyMLclassification.h:31:13: warning: 'trainLogisticKernel' declared 'static' but never defined [-Wunused-function]
   31 | static void trainLogisticKernel(double *, double *, int, int, int, char, double *);
      |             ^~~~~~~~~~~~~~~~~~~
../Core/Src/CenyML_Library/cpuSequential/machineLearning/CenyMLclassification.h:32:13: warning: 'trainGaussianKernel' declared 'static' but never defined [-Wunused-function]
   32 | static void trainGaussianKernel(double *, double *, int, int, int, double, char, char, double *);
      |             ^~~~~~~~~~~~~~~~~~~
arm-none-eabi-gcc -o "Project.elf" @"objects.list"   -mcpu=cortex-m4 -T"/home/mortrack/Desktop/GitHub/CenyML/STM32F446RE_Examples/KernelMachineClassification/main_gaussianKernel/Project/STM32F446RETX_FLASH.ld" --specs=nosys.specs -Wl,-Map="Project.map" -Wl,--gc-sections -static --specs=nano.specs -mfpu=fpv4-sp-d16 -mfloat-abi=hard -mthumb -u _printf_float -Wl,--start-group -lc -lm -Wl,--end-group
Finished building target: Project.elf
 
arm-none-eabi-size   Project.elf 
arm-none-eabi-objdump -h -S  Project.elf  > "Project.list"
arm-none-eabi-objcopy  -O binary  Project.elf  "Project.bin"
   text	   data	    bss	    dec	    hex	filename
  34332	    488	   1632	  36452	   8e64	Project.elf
Finished building: default.size.stdout
 
Finished building: Project.bin
 
Finished building: Project.list
 
20:13:52 **** Incremental Build of configuration Debug for project Project ****
make -j88 all 
arm-none-eabi-size   Project.elf 
   text	   data	    bss	    dec	    hex	filename
  34332	    488	   1632	  36452	   8e64	Project.elf
Finished building: default.size.stdout
 
20:14:10 **** Incremental Build of configuration Debug for project Project ****
make -j88 all 
arm-none-eabi-gcc "../Core/Src/main.c" -mcpu=cortex-m4 -std=gnu11 -g3 -DDEBUG -DUSE_HAL_DRIVER -DSTM32F446xx -c -I../Core/Inc -I../Drivers/STM32F4xx_HAL_Driver/Inc -I../Drivers/STM32F4xx_HAL_Driver/Inc/Legacy -I../Drivers/CMSIS/Device/ST/STM32F4xx/Include -I../Drivers/CMSIS/Include -O3 -ffunction-sections -fdata-sections -Wall -fstack-usage -MMD -MP -MF"Core/Src/main.d" -MT"Core/Src/main.o" --specs=nano.specs -mfpu=fpv4-sp-d16 -mfloat-abi=hard -mthumb -o "Core/Src/main.o"
In file included from ../Core/Src/main.c:25:
../Core/Src/CenyML_Library/cpuSequential/machineLearning/CenyMLclassification.h:29:13: warning: 'trainLinearKernel' declared 'static' but never defined [-Wunused-function]
   29 | static void trainLinearKernel(double *, double *, int, int, int, char, double *);
      |             ^~~~~~~~~~~~~~~~~
../Core/Src/CenyML_Library/cpuSequential/machineLearning/CenyMLclassification.h:30:13: warning: 'trainPolynomialKernel' declared 'static' but never defined [-Wunused-function]
   30 | static void trainPolynomialKernel(double *, double *, int, int, int, int, char, char, double *);
      |             ^~~~~~~~~~~~~~~~~~~~~
../Core/Src/CenyML_Library/cpuSequential/machineLearning/CenyMLclassification.h:31:13: warning: 'trainLogisticKernel' declared 'static' but never defined [-Wunused-function]
   31 | static void trainLogisticKernel(double *, double *, int, int, int, char, double *);
      |             ^~~~~~~~~~~~~~~~~~~
../Core/Src/CenyML_Library/cpuSequential/machineLearning/CenyMLclassification.h:32:13: warning: 'trainGaussianKernel' declared 'static' but never defined [-Wunused-function]
   32 | static void trainGaussianKernel(double *, double *, int, int, int, double, char, char, double *);
      |             ^~~~~~~~~~~~~~~~~~~
arm-none-eabi-gcc -o "Project.elf" @"objects.list"   -mcpu=cortex-m4 -T"/home/mortrack/Desktop/GitHub/CenyML/STM32F446RE_Examples/KernelMachineClassification/main_gaussianKernel/Project/STM32F446RETX_FLASH.ld" --specs=nosys.specs -Wl,-Map="Project.map" -Wl,--gc-sections -static --specs=nano.specs -mfpu=fpv4-sp-d16 -mfloat-abi=hard -mthumb -u _printf_float -Wl,--start-group -lc -lm -Wl,--end-group
Finished building target: Project.elf
 
arm-none-eabi-size   Project.elf 
arm-none-eabi-objdump -h -S  Project.elf  > "Project.list"
arm-none-eabi-objcopy  -O binary  Project.elf  "Project.bin"
   text	   data	    bss	    dec	    hex	filename
  34332	    488	   1632	  36452	   8e64	Project.elf
Finished building: default.size.stdout
 
Finished building: Project.bin
 
Finished building: Project.list
 
20:14:15 **** Incremental Build of configuration Debug for project Project ****
make -j88 all 
arm-none-eabi-size   Project.elf 
   text	   data	    bss	    dec	    hex	filename
  34332	    488	   1632	  36452	   8e64	Project.elf
Finished building: default.size.stdout
 
20:15:21 **** Incremental Build of configuration Debug for project Project ****
make -j88 all 
arm-none-eabi-size   Project.elf 
   text	   data	    bss	    dec	    hex	filename
  34332	    488	   1632	  36452	   8e64	Project.elf
Finished building: default.size.stdout
 
20:15:24 **** Incremental Build of configuration Debug for project Project ****
make -j88 all 
arm-none-eabi-size   Project.elf 
   text	   data	    bss	    dec	    hex	filename
  34332	    488	   1632	  36452	   8e64	Project.elf
Finished building: default.size.stdout
 
20:15:54 **** Incremental Build of configuration Debug for project Project ****
make -j88 all 
arm-none-eabi-gcc "../Core/Src/main.c" -mcpu=cortex-m4 -std=gnu11 -g3 -DDEBUG -DUSE_HAL_DRIVER -DSTM32F446xx -c -I../Core/Inc -I../Drivers/STM32F4xx_HAL_Driver/Inc -I../Drivers/STM32F4xx_HAL_Driver/Inc/Legacy -I../Drivers/CMSIS/Device/ST/STM32F4xx/Include -I../Drivers/CMSIS/Include -O3 -ffunction-sections -fdata-sections -Wall -fstack-usage -MMD -MP -MF"Core/Src/main.d" -MT"Core/Src/main.o" --specs=nano.specs -mfpu=fpv4-sp-d16 -mfloat-abi=hard -mthumb -o "Core/Src/main.o"
In file included from ../Core/Src/main.c:25:
../Core/Src/CenyML_Library/cpuSequential/machineLearning/CenyMLclassification.h:29:13: warning: 'trainLinearKernel' declared 'static' but never defined [-Wunused-function]
   29 | static void trainLinearKernel(double *, double *, int, int, int, char, double *);
      |             ^~~~~~~~~~~~~~~~~
../Core/Src/CenyML_Library/cpuSequential/machineLearning/CenyMLclassification.h:30:13: warning: 'trainPolynomialKernel' declared 'static' but never defined [-Wunused-function]
   30 | static void trainPolynomialKernel(double *, double *, int, int, int, int, char, char, double *);
      |             ^~~~~~~~~~~~~~~~~~~~~
../Core/Src/CenyML_Library/cpuSequential/machineLearning/CenyMLclassification.h:31:13: warning: 'trainLogisticKernel' declared 'static' but never defined [-Wunused-function]
   31 | static void trainLogisticKernel(double *, double *, int, int, int, char, double *);
      |             ^~~~~~~~~~~~~~~~~~~
../Core/Src/CenyML_Library/cpuSequential/machineLearning/CenyMLclassification.h:32:13: warning: 'trainGaussianKernel' declared 'static' but never defined [-Wunused-function]
   32 | static void trainGaussianKernel(double *, double *, int, int, int, double, char, char, double *);
      |             ^~~~~~~~~~~~~~~~~~~
arm-none-eabi-gcc -o "Project.elf" @"objects.list"   -mcpu=cortex-m4 -T"/home/mortrack/Desktop/GitHub/CenyML/STM32F446RE_Examples/KernelMachineClassification/main_gaussianKernel/Project/STM32F446RETX_FLASH.ld" --specs=nosys.specs -Wl,-Map="Project.map" -Wl,--gc-sections -static --specs=nano.specs -mfpu=fpv4-sp-d16 -mfloat-abi=hard -mthumb -u _printf_float -Wl,--start-group -lc -lm -Wl,--end-group
Finished building target: Project.elf
 
arm-none-eabi-size   Project.elf 
arm-none-eabi-objdump -h -S  Project.elf  > "Project.list"
arm-none-eabi-objcopy  -O binary  Project.elf  "Project.bin"
   text	   data	    bss	    dec	    hex	filename
  34332	    488	   1632	  36452	   8e64	Project.elf
Finished building: default.size.stdout
 
Finished building: Project.bin
 
Finished building: Project.list
 
20:15:56 **** Incremental Build of configuration Debug for project Project ****
make -j88 all 
arm-none-eabi-size   Project.elf 
   text	   data	    bss	    dec	    hex	filename
  34332	    488	   1632	  36452	   8e64	Project.elf
Finished building: default.size.stdout
 
20:29:16 **** Incremental Build of configuration Debug for project Project ****
make -j88 all 
arm-none-eabi-gcc "../Core/Src/main.c" -mcpu=cortex-m4 -std=gnu11 -g3 -DDEBUG -DUSE_HAL_DRIVER -DSTM32F446xx -c -I../Core/Inc -I../Drivers/STM32F4xx_HAL_Driver/Inc -I../Drivers/STM32F4xx_HAL_Driver/Inc/Legacy -I../Drivers/CMSIS/Device/ST/STM32F4xx/Include -I../Drivers/CMSIS/Include -O3 -ffunction-sections -fdata-sections -Wall -fstack-usage -MMD -MP -MF"Core/Src/main.d" -MT"Core/Src/main.o" --specs=nano.specs -mfpu=fpv4-sp-d16 -mfloat-abi=hard -mthumb -o "Core/Src/main.o"
In file included from ../Core/Src/main.c:25:
../Core/Src/CenyML_Library/cpuSequential/machineLearning/CenyMLclassification.h:29:13: warning: 'trainLinearKernel' declared 'static' but never defined [-Wunused-function]
   29 | static void trainLinearKernel(double *, double *, int, int, int, char, double *);
      |             ^~~~~~~~~~~~~~~~~
../Core/Src/CenyML_Library/cpuSequential/machineLearning/CenyMLclassification.h:30:13: warning: 'trainPolynomialKernel' declared 'static' but never defined [-Wunused-function]
   30 | static void trainPolynomialKernel(double *, double *, int, int, int, int, char, char, double *);
      |             ^~~~~~~~~~~~~~~~~~~~~
../Core/Src/CenyML_Library/cpuSequential/machineLearning/CenyMLclassification.h:31:13: warning: 'trainLogisticKernel' declared 'static' but never defined [-Wunused-function]
   31 | static void trainLogisticKernel(double *, double *, int, int, int, char, double *);
      |             ^~~~~~~~~~~~~~~~~~~
../Core/Src/CenyML_Library/cpuSequential/machineLearning/CenyMLclassification.h:32:13: warning: 'trainGaussianKernel' declared 'static' but never defined [-Wunused-function]
   32 | static void trainGaussianKernel(double *, double *, int, int, int, double, char, char, double *);
      |             ^~~~~~~~~~~~~~~~~~~
arm-none-eabi-gcc -o "Project.elf" @"objects.list"   -mcpu=cortex-m4 -T"/home/mortrack/Desktop/GitHub/CenyML/STM32F446RE_Examples/KernelMachineClassification/main_gaussianKernel/Project/STM32F446RETX_FLASH.ld" --specs=nosys.specs -Wl,-Map="Project.map" -Wl,--gc-sections -static --specs=nano.specs -mfpu=fpv4-sp-d16 -mfloat-abi=hard -mthumb -u _printf_float -Wl,--start-group -lc -lm -Wl,--end-group
Finished building target: Project.elf
 
arm-none-eabi-size   Project.elf 
arm-none-eabi-objdump -h -S  Project.elf  > "Project.list"
arm-none-eabi-objcopy  -O binary  Project.elf  "Project.bin"
   text	   data	    bss	    dec	    hex	filename
  34332	    488	   1632	  36452	   8e64	Project.elf
Finished building: default.size.stdout
 
Finished building: Project.bin
 
Finished building: Project.list
 
20:29:18 **** Incremental Build of configuration Debug for project Project ****
make -j88 all 
arm-none-eabi-size   Project.elf 
   text	   data	    bss	    dec	    hex	filename
  34332	    488	   1632	  36452	   8e64	Project.elf
Finished building: default.size.stdout
 
20:29:21 **** Incremental Build of configuration Debug for project Project ****
make -j88 all 
arm-none-eabi-size   Project.elf 
   text	   data	    bss	    dec	    hex	filename
  34332	    488	   1632	  36452	   8e64	Project.elf
Finished building: default.size.stdout
 
15:22:08 **** Incremental Build of configuration Debug for project Project ****
make -j88 all 
arm-none-eabi-size   Project.elf 
   text	   data	    bss	    dec	    hex	filename
  34332	    488	   1632	  36452	   8e64	Project.elf
Finished building: default.size.stdout
 
15:22:12 **** Incremental Build of configuration Debug for project Project ****
make -j88 all 
arm-none-eabi-size   Project.elf 
   text	   data	    bss	    dec	    hex	filename
  34332	    488	   1632	  36452	   8e64	Project.elf
Finished building: default.size.stdout
 
15:27:20 **** Incremental Build of configuration Debug for project Project ****
make -j88 all 
arm-none-eabi-size   Project.elf 
   text	   data	    bss	    dec	    hex	filename
  34332	    488	   1632	  36452	   8e64	Project.elf
Finished building: default.size.stdout
 
